Component: ARM Compiler 6.16 Tool: armlink [5dfeaa00]

==============================================================================

Section Cross References

    startup_stm32f103xb.o(STACK) refers (Special) to heapauxi.o(.text) for __use_two_region_memory
    startup_stm32f103xb.o(HEAP) refers (Special) to heapauxi.o(.text) for __use_two_region_memory
    startup_stm32f103xb.o(RESET) refers (Special) to heapauxi.o(.text) for __use_two_region_memory
    startup_stm32f103xb.o(RESET) refers to startup_stm32f103xb.o(STACK) for __initial_sp
    startup_stm32f103xb.o(RESET) refers to startup_stm32f103xb.o(.text) for Reset_Handler
    startup_stm32f103xb.o(RESET) refers to stm32f1xx_it.o(.text.NMI_Handler) for NMI_Handler
    startup_stm32f103xb.o(RESET) refers to stm32f1xx_it.o(.text.HardFault_Handler) for HardFault_Handler
    startup_stm32f103xb.o(RESET) refers to stm32f1xx_it.o(.text.MemManage_Handler) for MemManage_Handler
    startup_stm32f103xb.o(RESET) refers to stm32f1xx_it.o(.text.BusFault_Handler) for BusFault_Handler
    startup_stm32f103xb.o(RESET) refers to stm32f1xx_it.o(.text.UsageFault_Handler) for UsageFault_Handler
    startup_stm32f103xb.o(RESET) refers to stm32f1xx_it.o(.text.SVC_Handler) for SVC_Handler
    startup_stm32f103xb.o(RESET) refers to stm32f1xx_it.o(.text.DebugMon_Handler) for DebugMon_Handler
    startup_stm32f103xb.o(RESET) refers to stm32f1xx_it.o(.text.PendSV_Handler) for PendSV_Handler
    startup_stm32f103xb.o(RESET) refers to stm32f1xx_it.o(.text.SysTick_Handler) for SysTick_Handler
    startup_stm32f103xb.o(RESET) refers to stm32f1xx_it.o(.text.TIM2_IRQHandler) for TIM2_IRQHandler
    startup_stm32f103xb.o(.text) refers (Special) to heapauxi.o(.text) for __use_two_region_memory
    startup_stm32f103xb.o(.text) refers to system_stm32f1xx.o(.text.SystemInit) for SystemInit
    startup_stm32f103xb.o(.text) refers to __main.o(!!!main) for __main
    startup_stm32f103xb.o(.text) refers to startup_stm32f103xb.o(HEAP) for Heap_Mem
    startup_stm32f103xb.o(.text) refers to startup_stm32f103xb.o(STACK) for Stack_Mem
    mpu6050.o(.text.MPU6050_I2C_Init) refers to stm32f1xx_hal_gpio.o(.text.HAL_GPIO_Init) for HAL_GPIO_Init
    mpu6050.o(.text.MPU6050_I2C_Init) refers to stm32f1xx_hal_gpio.o(.text.HAL_GPIO_WritePin) for HAL_GPIO_WritePin
    mpu6050.o(.ARM.exidx.text.MPU6050_I2C_Init) refers to mpu6050.o(.text.MPU6050_I2C_Init) for [Anonymous Symbol]
    mpu6050.o(.text.MPU6050_WriteReg) refers to mpu6050.o(.text.I2C_Start) for I2C_Start
    mpu6050.o(.text.MPU6050_WriteReg) refers to mpu6050.o(.text.I2C_WriteByte) for I2C_WriteByte
    mpu6050.o(.text.MPU6050_WriteReg) refers to mpu6050.o(.text.I2C_WaitAck) for I2C_WaitAck
    mpu6050.o(.text.MPU6050_WriteReg) refers to stm32f1xx_hal_gpio.o(.text.HAL_GPIO_WritePin) for HAL_GPIO_WritePin
    mpu6050.o(.ARM.exidx.text.MPU6050_WriteReg) refers to mpu6050.o(.text.MPU6050_WriteReg) for [Anonymous Symbol]
    mpu6050.o(.text.I2C_Start) refers to stm32f1xx_hal_gpio.o(.text.HAL_GPIO_WritePin) for HAL_GPIO_WritePin
    mpu6050.o(.ARM.exidx.text.I2C_Start) refers to mpu6050.o(.text.I2C_Start) for [Anonymous Symbol]
    mpu6050.o(.text.I2C_WriteByte) refers to stm32f1xx_hal_gpio.o(.text.HAL_GPIO_WritePin) for HAL_GPIO_WritePin
    mpu6050.o(.ARM.exidx.text.I2C_WriteByte) refers to mpu6050.o(.text.I2C_WriteByte) for [Anonymous Symbol]
    mpu6050.o(.text.I2C_WaitAck) refers to stm32f1xx_hal_gpio.o(.text.HAL_GPIO_WritePin) for HAL_GPIO_WritePin
    mpu6050.o(.text.I2C_WaitAck) refers to stm32f1xx_hal_gpio.o(.text.HAL_GPIO_ReadPin) for HAL_GPIO_ReadPin
    mpu6050.o(.ARM.exidx.text.I2C_WaitAck) refers to mpu6050.o(.text.I2C_WaitAck) for [Anonymous Symbol]
    mpu6050.o(.text.MPU6050_ReadReg) refers to mpu6050.o(.text.I2C_Start) for I2C_Start
    mpu6050.o(.text.MPU6050_ReadReg) refers to mpu6050.o(.text.I2C_WriteByte) for I2C_WriteByte
    mpu6050.o(.text.MPU6050_ReadReg) refers to mpu6050.o(.text.I2C_WaitAck) for I2C_WaitAck
    mpu6050.o(.text.MPU6050_ReadReg) refers to mpu6050.o(.text.I2C_ReadByte) for I2C_ReadByte
    mpu6050.o(.text.MPU6050_ReadReg) refers to stm32f1xx_hal_gpio.o(.text.HAL_GPIO_WritePin) for HAL_GPIO_WritePin
    mpu6050.o(.ARM.exidx.text.MPU6050_ReadReg) refers to mpu6050.o(.text.MPU6050_ReadReg) for [Anonymous Symbol]
    mpu6050.o(.text.I2C_ReadByte) refers to stm32f1xx_hal_gpio.o(.text.HAL_GPIO_WritePin) for HAL_GPIO_WritePin
    mpu6050.o(.text.I2C_ReadByte) refers to stm32f1xx_hal_gpio.o(.text.HAL_GPIO_ReadPin) for HAL_GPIO_ReadPin
    mpu6050.o(.ARM.exidx.text.I2C_ReadByte) refers to mpu6050.o(.text.I2C_ReadByte) for [Anonymous Symbol]
    mpu6050.o(.text.MPU6050_Init) refers to mpu6050.o(.text.MPU6050_I2C_Init) for MPU6050_I2C_Init
    mpu6050.o(.text.MPU6050_Init) refers to stm32f1xx_hal.o(.text.HAL_Delay) for HAL_Delay
    mpu6050.o(.text.MPU6050_Init) refers to mpu6050.o(.text.MPU6050_ReadReg) for MPU6050_ReadReg
[...]
    ../fplib/usenofp.s                       0x00000000   Number         0  usenofp.o ABSOLUTE
    ../mathlib/atan2f.c                      0x00000000   Number         0  atan2f.o ABSOLUTE
    ../mathlib/fpclassify.c                  0x00000000   Number         0  fpclassify.o ABSOLUTE
    ../mathlib/fpclassifyf.c                 0x00000000   Number         0  fpclassifyf.o ABSOLUTE
    ../mathlib/funder.c                      0x00000000   Number         0  funder.o ABSOLUTE
    dc.s                                     0x00000000   Number         0  dc.o ABSOLUTE
    main.c                                   0x00000000   Number         0  main.o ABSOLUTE
    mpu6050.c                                0x00000000   Number         0  mpu6050.o ABSOLUTE
    startup_stm32f103xb.s                    0x00000000   Number         0  startup_stm32f103xb.o ABSOLUTE
    stm32f1xx_hal.c                          0x00000000   Number         0  stm32f1xx_hal.o ABSOLUTE
    stm32f1xx_hal_cortex.c                   0x00000000   Number         0  stm32f1xx_hal_cortex.o ABSOLUTE
    stm32f1xx_hal_dma.c                      0x00000000   Number         0  stm32f1xx_hal_dma.o ABSOLUTE
    stm32f1xx_hal_exti.c                     0x00000000   Number         0  stm32f1xx_hal_exti.o ABSOLUTE
    stm32f1xx_hal_flash.c                    0x00000000   Number         0  stm32f1xx_hal_flash.o ABSOLUTE
    stm32f1xx_hal_flash_ex.c                 0x00000000   Number         0  stm32f1xx_hal_flash_ex.o ABSOLUTE
    stm32f1xx_hal_gpio.c                     0x00000000   Number         0  stm32f1xx_hal_gpio.o ABSOLUTE
    stm32f1xx_hal_gpio_ex.c                  0x00000000   Number         0  stm32f1xx_hal_gpio_ex.o ABSOLUTE
    stm32f1xx_hal_msp.c                      0x00000000   Number         0  stm32f1xx_hal_msp.o ABSOLUTE
    stm32f1xx_hal_pwr.c                      0x00000000   Number         0  stm32f1xx_hal_pwr.o ABSOLUTE
    stm32f1xx_hal_rcc.c                      0x00000000   Number         0  stm32f1xx_hal_rcc.o ABSOLUTE
    stm32f1xx_hal_rcc_ex.c                   0x00000000   Number         0  stm32f1xx_hal_rcc_ex.o ABSOLUTE
    stm32f1xx_hal_tim.c                      0x00000000   Number         0  stm32f1xx_hal_tim.o ABSOLUTE
    stm32f1xx_hal_tim_ex.c                   0x00000000   Number         0  stm32f1xx_hal_tim_ex.o ABSOLUTE
    stm32f1xx_hal_uart.c                     0x00000000   Number         0  stm32f1xx_hal_uart.o ABSOLUTE
    stm32f1xx_it.c                           0x00000000   Number         0  stm32f1xx_it.o ABSOLUTE
    system_stm32f1xx.c                       0x00000000   Number         0  system_stm32f1xx.o ABSOLUTE
    RESET                                    0x08000000   Section      236  startup_stm32f103xb.o(RESET)
    !!!main                                  0x080000ec   Section        8  __main.o(!!!main)
    !!!scatter                               0x080000f4   Section       52  __scatter.o(!!!scatter)
    !!handler_copy                           0x08000128   Section       26  __scatter_copy.o(!!handler_copy)
    !!handler_zi                             0x08000144   Section       28  __scatter_zi.o(!!handler_zi)
    .ARM.Collect$$_printf_percent$$00000000  0x08000160   Section        0  _printf_percent.o(.ARM.Collect$$_printf_percent$$00000000)
    .ARM.Collect$$_printf_percent$$00000003  0x08000160   Section        6  _printf_f.o(.ARM.Collect$$_printf_percent$$00000003)
    .ARM.Collect$$_printf_percent$$00000009  0x08000166   Section        6  _printf_d.o(.ARM.Collect$$_printf_percent$$00000009)
    .ARM.Collect$$_printf_percent$$00000017  0x0800016c   Section        4  _printf_percent_end.o(.ARM.Collect$$_printf_percent$$00000017)
    .ARM.Collect$$libinit$$00000000          0x08000170   Section        2  libinit.o(.ARM.Collect$$libinit$$00000000)
    .ARM.Collect$$libinit$$00000002          0x08000172   Section        0  libinit2.o(.ARM.Collect$$libinit$$00000002)
    .ARM.Collect$$libinit$$00000004          0x08000172   Section        0  libinit2.o(.ARM.Collect$$libinit$$00000004)
    .ARM.Collect$$libinit$$0000000A          0x08000172   Section        0  libinit2.o(.ARM.Collect$$libinit$$0000000A)
    .ARM.Collect$$libinit$$0000000C          0x08000172   Section        0  libinit2.o(.ARM.Collect$$libinit$$0000000C)
    .ARM.Collect$$libinit$$0000000E          0x08000172   Section        0  libinit2.o(.ARM.Collect$$libinit$$0000000E)
    .ARM.Collect$$libinit$$0000000F          0x08000172   Section        6  libinit2.o(.ARM.Collect$$libinit$$0000000F)
    .ARM.Collect$$libinit$$00000011          0x08000178   Section        0  libinit2.o(.ARM.Collect$$libinit$$00000011)
    .ARM.Collect$$libinit$$00000013          0x08000178   Section        0  libinit2.o(.ARM.Collect$$libinit$$00000013)
    .ARM.Collect$$libinit$$00000015          0x08000178   Section        0  libinit2.o(.ARM.Collect$$libinit$$00000015)
    .ARM.Collect$$libinit$$00000016          0x08000178   Section       10  libinit2.o(.ARM.Collect$$libinit$$00000016)
    .ARM.Collect$$libinit$$00000017          0x08000182   Section        0  libinit2.o(.ARM.Collect$$libinit$$00000017)
    .ARM.Collect$$libinit$$00000019          0x08000182   Section        0  libinit2.o(.ARM.Collect$$libinit$$00000019)
    .ARM.Collect$$libinit$$0000001B          0x08000182   Section        0  libinit2.o(.ARM.Collect$$libinit$$0000001B)
    .ARM.Collect$$libinit$$0000001D          0x08000182   Section        0  libinit2.o(.ARM.Collect$$libinit$$0000001D)
    .ARM.Collect$$libinit$$0000001F          0x08000182   Section        0  libinit2.o(.ARM.Collect$$libinit$$0000001F)
    .ARM.Collect$$libinit$$00000021          0x08000182   Section        0  libinit2.o(.ARM.Collect$$libinit$$00000021)
    .ARM.Collect$$libinit$$00000023          0x08000182   Section        0  libinit2.o(.ARM.Collect$$libinit$$00000023)
    .ARM.Collect$$libinit$$00000025          0x08000182   Section        0  libinit2.o(.ARM.Collect$$libinit$$00000025)
    .ARM.Collect$$libinit$$0000002C          0x08000182   Section        0  libinit2.o(.ARM.Collect$$libinit$$0000002C)
    .ARM.Collect$$libinit$$0000002E          0x08000182   Section        0  libinit2.o(.ARM.Collect$$libinit$$0000002E)
    .ARM.Collect$$libinit$$00000030          0x08000182   Section        0  libinit2.o(.ARM.Collect$$libinit$$00000030)
    .ARM.Collect$$libinit$$00000032          0x08000182   Section        0  libinit2.o(.ARM.Collect$$libinit$$00000032)
    .ARM.Collect$$libinit$$00000033          0x08000182   Section        2  libinit2.o(.ARM.Collect$$libinit$$00000033)
    .ARM.Collect$$libshutdown$$00000000      0x08000184   Section        2  libshutdown.o(.ARM.Collect$$libshutdown$$00000000)
    .ARM.Collect$$libshutdown$$00000002      0x08000186   Section        0  libshutdown2.o(.ARM.Collect$$libshutdown$$00000002)
    .ARM.Collect$$libshutdown$$00000004      0x08000186   Section        0  libshutdown2.o(.ARM.Collect$$libshutdown$$00000004)
    .ARM.Collect$$libshutdown$$00000007      0x08000186   Section        0  libshutdown2.o(.ARM.Collect$$libshutdown$$00000007)
    .ARM.Collect$$libshutdown$$0000000A      0x08000186   Section        0  libshutdown2.o(.ARM.Collect$$libshutdown$$0000000A)
    .ARM.Collect$$libshutdown$$0000000C      0x08000186   Section        0  libshutdown2.o(.ARM.Collect$$libshutdown$$0000000C)
    .ARM.Collect$$libshutdown$$0000000F      0x08000186   Section        0  libshutdown2.o(.ARM.Collect$$libshutdown$$0000000F)
    .ARM.Collect$$libshutdown$$00000010      0x08000186   Section        2  libshutdown2.o(.ARM.Collect$$libshutdown$$00000010)
    .ARM.Collect$$rtentry$$00000000          0x08000188   Section        0  __rtentry.o(.ARM.Collect$$rtentry$$00000000)
    .ARM.Collect$$rtentry$$00000002          0x08000188   Section        0  __rtentry2.o(.ARM.Collect$$rtentry$$00000002)
    .ARM.Collect$$rtentry$$00000004          0x08000188   Section        6  __rtentry4.o(.ARM.Collect$$rtentry$$00000004)
    .ARM.Collect$$rtentry$$00000009          0x0800018e   Section        0  __rtentry2.o(.ARM.Collect$$rtentry$$00000009)
    .ARM.Collect$$rtentry$$0000000A          0x0800018e   Section        4  __rtentry2.o(.ARM.Collect$$rtentry$$0000000A)
    .ARM.Collect$$rtentry$$0000000C          0x08000192   Section        0  __rtentry2.o(.ARM.Collect$$rtentry$$0000000C)
    .ARM.Collect$$rtentry$$0000000D          0x08000192   Section        8  __rtentry2.o(.ARM.Collect$$rtentry$$0000000D)
    .ARM.Collect$$rtexit$$00000000           0x0800019a   Section        2  rtexit.o(.ARM.Collect$$rtexit$$00000000)
    .ARM.Collect$$rtexit$$00000002           0x0800019c   Section        0  rtexit2.o(.ARM.Collect$$rtexit$$00000002)
    .ARM.Collect$$rtexit$$00000003           0x0800019c   Section        4  rtexit2.o(.ARM.Collect$$rtexit$$00000003)
    .ARM.Collect$$rtexit$$00000004           0x080001a0   Section        6  rtexit2.o(.ARM.Collect$$rtexit$$00000004)
    .text                                    0x080001a8   Section       64  startup_stm32f103xb.o(.text)
    .text                                    0x080001e8   Section        0  noretval__2sprintf.o(.text)
    .text                                    0x08000210   Section        0  _printf_dec.o(.text)
    .text                                    0x08000288   Section        0  __printf_wp.o(.text)
    .text                                    0x08000396   Section        0  strlen.o(.text)
    .text                                    0x080003d4   Section       78  rt_memclr_w.o(.text)
    .text                                    0x08000422   Section        0  heapauxi.o(.text)
    .text                                    0x08000428   Section        0  _rserrno.o(.text)
    .text                                    0x0800043e   Section        0  _printf_intcommon.o(.text)
    _fp_digits                               0x080004f1   Thumb Code   432  _printf_fp_dec.o(.text)
    .text                                    0x080004f0   Section        0  _printf_fp_dec.o(.text)
    _printf_input_char                       0x0800090d   Thumb Code    10  _printf_char_common.o(.text)
    .text                                    0x0800090c   Section        0  _printf_char_common.o(.text)
    .text                                    0x0800093c   Section        0  _sputc.o(.text)
    .text                                    0x08000948   Section        8  rt_locale_intlibspace.o(.text)
    .text                                    0x08000950   Section        8  rt_errno_addr_intlibspace.o(.text)
    .text                                    0x08000958   Section      138  lludiv10.o(.text)
    .text                                    0x080009e4   Section        0  _printf_fp_infnan.o(.text)
    .text                                    0x08000a64   Section        0  bigflt0.o(.text)
    .text                                    0x08000b48   Section        8  libspace.o(.text)
    .text                                    0x08000b50   Section       74  sys_stackheap_outer.o(.text)
    .text                                    0x08000b9a   Section        0  exit.o(.text)
    .text                                    0x08000bac   Section      128  strcmpv7m.o(.text)
    .text                                    0x08000c2c   Section        0  sys_exit.o(.text)
    .text                                    0x08000c38   Section        2  use_no_semi.o(.text)
    .text                                    0x08000c3a   Section        0  indicate_semi.o(.text)
    [Anonymous Symbol]                       0x08000c3c   Section        0  stm32f1xx_it.o(.text.BusFault_Handler)
    [Anonymous Symbol]                       0x08000c40   Section        0  stm32f1xx_it.o(.text.DebugMon_Handler)
    [Anonymous Symbol]                       0x08000c44   Section        0  stm32f1xx_hal.o(.text.HAL_Delay)
    [Anonymous Symbol]                       0x08000c6c   Section        0  stm32f1xx_hal_gpio.o(.text.HAL_GPIO_Init)
    [Anonymous Symbol]                       0x08000e80   Section        0  stm32f1xx_hal_gpio.o(.text.HAL_GPIO_ReadPin)
    [Anonymous Symbol]                       0x08000e8c   Section        0  stm32f1xx_hal_gpio.o(.text.HAL_GPIO_WritePin)
    [Anonymous Symbol]                       0x08000e98   Section        0  stm32f1xx_hal.o(.text.HAL_GetTick)
    [Anonymous Symbol]                       0x08000ea4   Section        0  stm32f1xx_hal.o(.text.HAL_IncTick)
    [Anonymous Symbol]                       0x08000ec0   Section        0  stm32f1xx_hal.o(.text.HAL_Init)
    [Anonymous Symbol]                       0x08000ee8   Section        0  stm32f1xx_hal.o(.text.HAL_InitTick)
    [Anonymous Symbol]                       0x08000f30   Section        0  stm32f1xx_hal_msp.o(.text.HAL_MspInit)
    [Anonymous Symbol]                       0x08000f74   Section        0  stm32f1xx_hal_cortex.o(.text.HAL_NVIC_EnableIRQ)
    [Anonymous Symbol]                       0x08000f94   Section        0  stm32f1xx_hal_cortex.o(.text.HAL_NVIC_SetPriority)
    [Anonymous Symbol]                       0x08000fec   Section        0  stm32f1xx_hal_cortex.o(.text.HAL_NVIC_SetPriorityGrouping)
    [Anonymous Symbol]                       0x0800100c   Section        0  stm32f1xx_hal_rcc.o(.text.HAL_RCC_ClockConfig)
    [Anonymous Symbol]                       0x080011cc   Section        0  stm32f1xx_hal_rcc.o(.text.HAL_RCC_GetPCLK1Freq)
    [Anonymous Symbol]                       0x080011f4   Section        0  stm32f1xx_hal_rcc.o(.text.HAL_RCC_GetPCLK2Freq)
    [Anonymous Symbol]                       0x0800121c   Section        0  stm32f1xx_hal_rcc.o(.text.HAL_RCC_OscConfig)
    [Anonymous Symbol]                       0x080015d0   Section        0  stm32f1xx_hal_cortex.o(.text.HAL_SYSTICK_Config)
    [Anonymous Symbol]                       0x080015fc   Section        0  stm32f1xx_hal_tim_ex.o(.text.HAL_TIMEx_BreakCallback)
    [Anonymous Symbol]                       0x08001600   Section        0  stm32f1xx_hal_tim_ex.o(.text.HAL_TIMEx_CommutCallback)
    [Anonymous Symbol]                       0x08001604   Section        0  stm32f1xx_hal_tim_ex.o(.text.HAL_TIMEx_ConfigBreakDeadTime)
    [Anonymous Symbol]                       0x08001650   Section        0  stm32f1xx_hal_tim_ex.o(.text.HAL_TIMEx_MasterConfigSynchronization)
    [Anonymous Symbol]                       0x080016cc   Section        0  main.o(.text.HAL_TIM_IC_CaptureCallback)
    [Anonymous Symbol]                       0x08001770   Section        0  stm32f1xx_hal_tim.o(.text.HAL_TIM_IC_ConfigChannel)
    [Anonymous Symbol]                       0x080018f0   Section        0  stm32f1xx_hal_tim.o(.text.HAL_TIM_IC_Init)
    [Anonymous Symbol]                       0x080019ec   Section        0  stm32f1xx_hal_msp.o(.text.HAL_TIM_IC_MspInit)
    [Anonymous Symbol]                       0x08001a58   Section        0  stm32f1xx_hal_tim.o(.text.HAL_TIM_IRQHandler)
    [Anonymous Symbol]                       0x08001b94   Section        0  stm32f1xx_hal_msp.o(.text.HAL_TIM_MspPostInit)
    [Anonymous Symbol]                       0x08001be4   Section        0  stm32f1xx_hal_tim.o(.text.HAL_TIM_OC_DelayElapsedCallback)
    [Anonymous Symbol]                       0x08001be8   Section        0  stm32f1xx_hal_tim.o(.text.HAL_TIM_PWM_ConfigChannel)
    [Anonymous Symbol]                       0x08001dec   Section        0  stm32f1xx_hal_tim.o(.text.HAL_TIM_PWM_Init)
    [Anonymous Symbol]                       0x08001ee8   Section        0  stm32f1xx_hal_msp.o(.text.HAL_TIM_PWM_MspInit)
    [Anonymous Symbol]                       0x08001f1c   Section        0  stm32f1xx_hal_tim.o(.text.HAL_TIM_PWM_PulseFinishedCallback)
    [Anonymous Symbol]                       0x08001f20   Section        0  stm32f1xx_hal_tim.o(.text.HAL_TIM_PWM_Start)
    [Anonymous Symbol]                       0x08002000   Section        0  stm32f1xx_hal_tim.o(.text.HAL_TIM_PeriodElapsedCallback)
    [Anonymous Symbol]                       0x08002004   Section        0  stm32f1xx_hal_tim.o(.text.HAL_TIM_ReadCapturedValue)
    [Anonymous Symbol]                       0x08002038   Section        0  stm32f1xx_hal_tim.o(.text.HAL_TIM_SlaveConfigSynchro)
    [Anonymous Symbol]                       0x08002090   Section        0  stm32f1xx_hal_tim.o(.text.HAL_TIM_TriggerCallback)
    [Anonymous Symbol]                       0x08002094   Section        0  stm32f1xx_hal_uart.o(.text.HAL_UART_Init)
    [Anonymous Symbol]                       0x08002174   Section        0  stm32f1xx_hal_msp.o(.text.HAL_UART_MspInit)
    [Anonymous Symbol]                       0x080021f0   Section        0  stm32f1xx_hal_uart.o(.text.HAL_UART_Transmit)
    [Anonymous Symbol]                       0x08002374   Section        0  stm32f1xx_it.o(.text.HardFault_Handler)
    I2C_ReadByte                             0x08002379   Thumb Code  1056  mpu6050.o(.text.I2C_ReadByte)
    [Anonymous Symbol]                       0x08002378   Section        0  mpu6050.o(.text.I2C_ReadByte)
    I2C_Start                                0x08002799   Thumb Code   182  mpu6050.o(.text.I2C_Start)
    [Anonymous Symbol]                       0x08002798   Section        0  mpu6050.o(.text.I2C_Start)
    I2C_WaitAck                              0x08002851   Thumb Code   316  mpu6050.o(.text.I2C_WaitAck)
    [Anonymous Symbol]                       0x08002850   Section        0  mpu6050.o(.text.I2C_WaitAck)
    I2C_WriteByte                            0x0800298d   Thumb Code   192  mpu6050.o(.text.I2C_WriteByte)
    [Anonymous Symbol]                       0x0800298c   Section        0  mpu6050.o(.text.I2C_WriteByte)
    [Anonymous Symbol]                       0x08002a4c   Section        0  mpu6050.o(.text.MPU6050_Get_Angle)
    [Anonymous Symbol]                       0x08002b50   Section        0  mpu6050.o(.text.MPU6050_I2C_Init)
    [Anonymous Symbol]                       0x08002f60   Section        0  mpu6050.o(.text.MPU6050_Init)
    [Anonymous Symbol]                       0x08003000   Section        0  mpu6050.o(.text.MPU6050_ReadReg)
    [Anonymous Symbol]                       0x08003178   Section        0  mpu6050.o(.text.MPU6050_Read_Data)
    [Anonymous Symbol]                       0x080033cc   Section        0  mpu6050.o(.text.MPU6050_WriteReg)
    [Anonymous Symbol]                       0x08003484   Section        0  stm32f1xx_it.o(.text.MemManage_Handler)
    [Anonymous Symbol]                       0x08003488   Section        0  main.o(.text.Motor_Control)
    [Anonymous Symbol]                       0x08003594   Section        0  stm32f1xx_it.o(.text.NMI_Handler)
    [Anonymous Symbol]                       0x08003598   Section        0  stm32f1xx_it.o(.text.PendSV_Handler)
    [Anonymous Symbol]                       0x0800359c   Section        0  stm32f1xx_it.o(.text.SVC_Handler)
    [Anonymous Symbol]                       0x080035a0   Section        0  stm32f1xx_it.o(.text.SysTick_Handler)
    [Anonymous Symbol]                       0x080035a4   Section        0  system_stm32f1xx.o(.text.SystemInit)
    [Anonymous Symbol]                       0x080035a8   Section        0  stm32f1xx_it.o(.text.TIM2_IRQHandler)
    TIM_SlaveTimer_SetConfig                 0x080035b5   Thumb Code   220  stm32f1xx_hal_tim.o(.text.TIM_SlaveTimer_SetConfig)
    [Anonymous Symbol]                       0x080035b4   Section        0  stm32f1xx_hal_tim.o(.text.TIM_SlaveTimer_SetConfig)
    [Anonymous Symbol]                       0x08003690   Section        0  stm32f1xx_it.o(.text.UsageFault_Handler)
    [Anonymous Symbol]                       0x08003694   Section        0  main.o(.text.main)
    CL$$btod_d2e                             0x08003cb8   Section       62  btod.o(CL$$btod_d2e)
    CL$$btod_d2e_denorm_low                  0x08003cf6   Section       70  btod.o(CL$$btod_d2e_denorm_low)
    CL$$btod_d2e_norm_op1                    0x08003d3c   Section       96  btod.o(CL$$btod_d2e_norm_op1)
    CL$$btod_div_common                      0x08003d9c   Section      824  btod.o(CL$$btod_div_common)
    CL$$btod_e2e                             0x080040d4   Section      220  btod.o(CL$$btod_e2e)
    CL$$btod_ediv                            0x080041b0   Section       42  btod.o(CL$$btod_ediv)
    CL$$btod_emul                            0x080041da   Section       42  btod.o(CL$$btod_emul)
    CL$$btod_mult_common                     0x08004204   Section      580  btod.o(CL$$btod_mult_common)
    i.__ARM_fpclassify                       0x08004448   Section        0  fpclassify.o(i.__ARM_fpclassify)
    i.__ARM_fpclassifyf                      0x08004470   Section        0  fpclassifyf.o(i.__ARM_fpclassifyf)
    i.__mathlib_flt_infnan2                  0x08004496   Section        0  funder.o(i.__mathlib_flt_infnan2)
    i.__mathlib_flt_underflow                0x0800449a   Section        0  funder.o(i.__mathlib_flt_underflow)
    i._is_digit                              0x080044a4   Section        0  __printf_wp.o(i._is_digit)
    i.atan2f                                 0x080044b4   Section        0  atan2f.o(i.atan2f)
    locale$$code                             0x08004758   Section       44  lc_numeric_c.o(locale$$code)
    x$fpl$dretinf                            0x08004784   Section       12  dretinf.o(x$fpl$dretinf)
    x$fpl$f2d                                0x08004790   Section       86  f2d.o(x$fpl$f2d)
    x$fpl$fadd                               0x080047e8   Section      196  faddsub_clz.o(x$fpl$fadd)
    _fadd1                                   0x080047f7   Thumb Code     0  faddsub_clz.o(x$fpl$fadd)
    x$fpl$fcheck1                            0x080048ac   Section       12  fcheck1.o(x$fpl$fcheck1)
    x$fpl$fcmp                               0x080048b8   Section       84  fcmp.o(x$fpl$fcmp)
    x$fpl$fcmpinf                            0x0800490c   Section       24  fcmpi.o(x$fpl$fcmpinf)
    _fdiv1                                   0x08004925   Thumb Code     0  fdiv.o(x$fpl$fdiv)
    x$fpl$fdiv                               0x08004924   Section      388  fdiv.o(x$fpl$fdiv)
    x$fpl$feqf                               0x08004aa8   Section      104  feqf.o(x$fpl$feqf)
    x$fpl$ffix                               0x08004b10   Section       54  ffix.o(x$fpl$ffix)
    x$fpl$fflt                               0x08004b48   Section       48  fflt_clz.o(x$fpl$fflt)
    x$fpl$ffltu                              0x08004b78   Section       38  fflt_clz.o(x$fpl$ffltu)
    x$fpl$fgeqf                              0x08004ba0   Section      104  fgeqf.o(x$fpl$fgeqf)
    x$fpl$fleqf                              0x08004c08   Section      104  fleqf.o(x$fpl$fleqf)
    x$fpl$fmul                               0x08004c70   Section      258  fmul.o(x$fpl$fmul)
    x$fpl$fnaninf                            0x08004d72   Section      140  fnaninf.o(x$fpl$fnaninf)
    x$fpl$fretinf                            0x08004dfe   Section       10  fretinf.o(x$fpl$fretinf)
    x$fpl$frsb                               0x08004e08   Section       20  faddsub_clz.o(x$fpl$frsb)
    x$fpl$fsub                               0x08004e1c   Section      234  faddsub_clz.o(x$fpl$fsub)
    _fsub1                                   0x08004e2b   Thumb Code     0  faddsub_clz.o(x$fpl$fsub)
    x$fpl$printf1                            0x08004f06   Section        4  printf1.o(x$fpl$printf1)
    x$fpl$retnan                             0x08004f0a   Section      100  retnan.o(x$fpl$retnan)
    x$fpl$scalbnf                            0x08004f6e   Section       76  scalbnf.o(x$fpl$scalbnf)
    x$fpl$trapveneer                         0x08004fba   Section       48  trapv.o(x$fpl$trapveneer)
    x$fpl$usenofp                            0x08004fea   Section        0  usenofp.o(x$fpl$usenofp)
    tenpwrs_x                                0x08004fec   Data          60  bigflt0.o(.constdata)
    .constdata                               0x08004fec   Section      148  bigflt0.o(.constdata)
    tenpwrs_i                                0x08005028   Data          64  bigflt0.o(.constdata)
    HAL_RCC_GetSysClockFreq.aPredivFactorTable 0x08005098   Data           2  stm32f1xx_hal_rcc.o(.rodata.HAL_RCC_GetSysClockFreq.aPredivFactorTable)
    [Anonymous Symbol]                       0x08005098   Section        0  stm32f1xx_hal_rcc.o(.rodata.HAL_RCC_GetSysClockFreq.aPredivFactorTable)
    HAL_RCC_GetSysClockFreq.aPLLMULFactorTable 0x0800509a   Data          16  stm32f1xx_hal_rcc.o(.rodata.cst16)
    [Anonymous Symbol]                       0x0800509a   Section        0  stm32f1xx_hal_rcc.o(.rodata.cst16)
    locale$$data                             0x080050cc   Section       28  lc_numeric_c.o(locale$$data)
    __lcnum_c_name                           0x080050d0   Data           2  lc_numeric_c.o(locale$$data)
    __lcnum_c_start                          0x080050d8   Data           0  lc_numeric_c.o(locale$$data)
    __lcnum_c_point                          0x080050e4   Data           0  lc_numeric_c.o(locale$$data)
    __lcnum_c_thousands                      0x080050e6   Data           0  lc_numeric_c.o(locale$$data)
    __lcnum_c_grouping                       0x080050e7   Data           0  lc_numeric_c.o(locale$$data)
    __lcnum_c_end                            0x080050e8   Data           0  lc_numeric_c.o(locale$$data)
    .L_MergedGlobals                         0x20000000   Data          20  main.o(.data..L_MergedGlobals)
    [Anonymous Symbol]                       0x20000000   Section        0  main.o(.data..L_MergedGlobals)
    .L_MergedGlobals                         0x20000014   Data           8  stm32f1xx_hal.o(.data..L_MergedGlobals)
    [Anonymous Symbol]                       0x20000014   Section        0  stm32f1xx_hal.o(.data..L_MergedGlobals)
    .bss                                     0x20000020   Section       96  libspace.o(.bss)
    .L_MergedGlobals.3                       0x20000080   Data          60  main.o(.bss..L_MergedGlobals.3)
    [Anonymous Symbol]                       0x20000080   Section        0  main.o(.bss..L_MergedGlobals.3)
    main.count                               0x200000b8   Data           4  main.o(.bss..L_MergedGlobals.3)
    Heap_Mem                                 0x20000218   Data        1536  startup_stm32f103xb.o(HEAP)
    HEAP                                     0x20000218   Section     1536  startup_stm32f103xb.o(HEAP)
    Stack_Mem                                0x20000818   Data        1536  startup_stm32f103xb.o(STACK)
    STACK                                    0x20000818   Section     1536  startup_stm32f103xb.o(STACK)
    __initial_sp                             0x20000e18   Data           0  startup_stm32f103xb.o(STACK)

    Global Symbols

    Symbol Name                              Value     Ov Type        Size  Object(Section)

    BuildAttributes$$THM_ISAv4$P$D$K$B$S$PE$A:L22UL41UL21$X:L11$S22US41US21$IEEE1$IW$~IW$USESV6$~STKCKD$USESV7$~SHL$OTIME$ROPI$IEEEX$EBA8$UX$STANDARDLIB$REQ8$PRES8$EABIv2 0x00000000   Number         0  anon$$obj.o ABSOLUTE
    __fp_init_empty                          0x00000000   Number         0  fpinit_empty.o ABSOLUTE
    _printf_flags                            0x00000000   Number         0  printf_stubs.o ABSOLUTE
    _printf_return_value                     0x00000000   Number         0  printf_stubs.o ABSOLUTE
    _printf_sizespec                         0x00000000   Number         0  printf_stubs.o ABSOLUTE
    _printf_widthprec                        0x00000000   Number         0  printf_stubs.o ABSOLUTE
    __ARM_exceptions_init                     - Undefined Weak Reference
    __alloca_initialize                       - Undefined Weak Reference
    __arm_preinit_                            - Undefined Weak Reference
    __cpp_initialize__aeabi_                  - Undefined Weak Reference
    __cxa_finalize                            - Undefined Weak Reference
    __sigvec_lookup                           - Undefined Weak Reference
    _atexit_init                              - Undefined Weak Reference
    _call_atexit_fns                          - Undefined Weak Reference
    _clock_init                               - Undefined Weak Reference
    _fp_trap_init                             - Undefined Weak Reference
    _fp_trap_shutdown                         - Undefined Weak Reference
    _get_lc_collate                           - Undefined Weak Reference
    _get_lc_ctype                             - Undefined Weak Reference
    _get_lc_monetary                          - Undefined Weak Reference
    _get_lc_time                              - Undefined Weak Reference
    _getenv_init                              - Undefined Weak Reference
    _handle_redirection                       - Undefined Weak Reference
    _init_alloc                               - Undefined Weak Reference
    _init_user_alloc                          - Undefined Weak Reference
    _initio                                   - Undefined Weak Reference
    _printf_post_padding                      - Undefined Weak Reference
    _printf_pre_padding                       - Undefined Weak Reference
    _printf_truncate_signed                   - Undefined Weak Reference
    _printf_truncate_unsigned                 - Undefined Weak Reference
    _rand_init                                - Undefined Weak Reference
    _signal_finish                            - Undefined Weak Reference
    _signal_init                              - Undefined Weak Reference
    _terminate_alloc                          - Undefined Weak Reference
    _terminate_user_alloc                     - Undefined Weak Reference
    _terminateio                              - Undefined Weak Reference
    __Vectors_Size                           0x000000ec   Number         0  startup_stm32f103xb.o ABSOLUTE
    __Vectors                                0x08000000   Data           4  startup_stm32f103xb.o(RESET)
    __Vectors_End                            0x080000ec   Data           0  startup_stm32f103xb.o(RESET)
    __main                                   0x080000ed   Thumb Code     8  __main.o(!!!main)
    __scatterload                            0x080000f5   Thumb Code     0  __scatter.o(!!!scatter)
    __scatterload_rt2                        0x080000f5   Thumb Code    44  __scatter.o(!!!scatter)
    __scatterload_rt2_thumb_only             0x080000f5   Thumb Code     0  __scatter.o(!!!scatter)
    __scatterload_null                       0x08000103   Thumb Code     0  __scatter.o(!!!scatter)
    __scatterload_copy                       0x08000129   Thumb Code    26  __scatter_copy.o(!!handler_copy)
    __scatterload_zeroinit                   0x08000145   Thumb Code    28  __scatter_zi.o(!!handler_zi)
    _printf_f                                0x08000161   Thumb Code     0  _printf_f.o(.ARM.Collect$$_printf_percent$$00000003)
    _printf_percent                          0x08000161   Thumb Code     0  _printf_percent.o(.ARM.Collect$$_printf_percent$$00000000)
    _printf_d                                0x08000167   Thumb Code     0  _printf_d.o(.ARM.Collect$$_printf_percent$$00000009)
    _printf_percent_end                      0x0800016d   Thumb Code     0  _printf_percent_end.o(.ARM.Collect$$_printf_percent$$00000017)
    __rt_lib_init                            0x08000171   Thumb Code     0  libinit.o(.ARM.Collect$$libinit$$00000000)
    __rt_lib_init_fp_1                       0x08000173   Thumb Code     0  libinit2.o(.ARM.Collect$$libinit$$00000002)
    __rt_lib_init_heap_1                     0x08000173   Thumb Code     0  libinit2.o(.ARM.Collect$$libinit$$0000000A)
    __rt_lib_init_lc_common                  0x08000173   Thumb Code     0  libinit2.o(.ARM.Collect$$libinit$$0000000F)
    __rt_lib_init_preinit_1                  0x08000173   Thumb Code     0  libinit2.o(.ARM.Collect$$libinit$$00000004)
    __rt_lib_init_rand_1                     0x08000173   Thumb Code     0  libinit2.o(.ARM.Collect$$libinit$$0000000E)
    __rt_lib_init_user_alloc_1               0x08000173   Thumb Code     0  libinit2.o(.ARM.Collect$$libinit$$0000000C)
    __rt_lib_init_lc_collate_1               0x08000179   Thumb Code     0  libinit2.o(.ARM.Collect$$libinit$$00000011)
    __rt_lib_init_lc_ctype_1                 0x08000179   Thumb Code     0  libinit2.o(.ARM.Collect$$libinit$$00000013)
    __rt_lib_init_lc_monetary_1              0x08000179   Thumb Code     0  libinit2.o(.ARM.Collect$$libinit$$00000015)
    __rt_lib_init_lc_numeric_2               0x08000179   Thumb Code     0  libinit2.o(.ARM.Collect$$libinit$$00000016)
    __rt_lib_init_alloca_1                   0x08000183   Thumb Code     0  libinit2.o(.ARM.Collect$$libinit$$0000002E)
    __rt_lib_init_argv_1                     0x08000183   Thumb Code     0  libinit2.o(.ARM.Collect$$libinit$$0000002C)
    __rt_lib_init_atexit_1                   0x08000183   Thumb Code     0  libinit2.o(.ARM.Collect$$libinit$$0000001B)
    __rt_lib_init_clock_1                    0x08000183   Thumb Code     0  libinit2.o(.ARM.Collect$$libinit$$00000021)
    __rt_lib_init_cpp_1                      0x08000183   Thumb Code     0  libinit2.o(.ARM.Collect$$libinit$$00000032)
    __rt_lib_init_exceptions_1               0x08000183   Thumb Code     0  libinit2.o(.ARM.Collect$$libinit$$00000030)
    __rt_lib_init_fp_trap_1                  0x08000183   Thumb Code     0  libinit2.o(.ARM.Collect$$libinit$$0000001F)
    __rt_lib_init_getenv_1                   0x08000183   Thumb Code     0  libinit2.o(.ARM.Collect$$libinit$$00000023)
    __rt_lib_init_lc_numeric_1               0x08000183   Thumb Code     0  libinit2.o(.ARM.Collect$$libinit$$00000017)
    __rt_lib_init_lc_time_1                  0x08000183   Thumb Code     0  libinit2.o(.ARM.Collect$$libinit$$00000019)
    __rt_lib_init_return                     0x08000183   Thumb Code     0  libinit2.o(.ARM.Collect$$libinit$$00000033)
    __rt_lib_init_signal_1                   0x08000183   Thumb Code     0  libinit2.o(.ARM.Collect$$libinit$$0000001D)
    __rt_lib_init_stdio_1                    0x08000183   Thumb Code     0  libinit2.o(.ARM.Collect$$libinit$$00000025)
    __rt_lib_shutdown                        0x08000185   Thumb Code     0  libshutdown.o(.ARM.Collect$$libshutdown$$00000000)
    __rt_lib_shutdown_cpp_1                  0x08000187   Thumb Code     0  libshutdown2.o(.ARM.Collect$$libshutdown$$00000002)
    __rt_lib_shutdown_fp_trap_1              0x08000187   Thumb Code     0  libshutdown2.o(.ARM.Collect$$libshutdown$$00000007)
    __rt_lib_shutdown_heap_1                 0x08000187   Thumb Code     0  libshutdown2.o(.ARM.Collect$$libshutdown$$0000000F)
    __rt_lib_shutdown_return                 0x08000187   Thumb Code     0  libshutdown2.o(.ARM.Collect$$libshutdown$$00000010)
    __rt_lib_shutdown_signal_1               0x08000187   Thumb Code     0  libshutdown2.o(.ARM.Collect$$libshutdown$$0000000A)
    __rt_lib_shutdown_stdio_1                0x08000187   Thumb Code     0  libshutdown2.o(.ARM.Collect$$libshutdown$$00000004)
    __rt_lib_shutdown_user_alloc_1           0x08000187   Thumb Code     0  libshutdown2.o(.ARM.Collect$$libshutdown$$0000000C)
    __rt_entry                               0x08000189   Thumb Code     0  __rtentry.o(.ARM.Collect$$rtentry$$00000000)
    __rt_entry_presh_1                       0x08000189   Thumb Code     0  __rtentry2.o(.ARM.Collect$$rtentry$$00000002)
    __rt_entry_sh                            0x08000189   Thumb Code     0  __rtentry4.o(.ARM.Collect$$rtentry$$00000004)
    __rt_entry_li                            0x0800018f   Thumb Code     0  __rtentry2.o(.ARM.Collect$$rtentry$$0000000A)
    __rt_entry_postsh_1                      0x0800018f   Thumb Code     0  __rtentry2.o(.ARM.Collect$$rtentry$$00000009)
    __rt_entry_main                          0x08000193   Thumb Code     0  __rtentry2.o(.ARM.Collect$$rtentry$$0000000D)
    __rt_entry_postli_1                      0x08000193   Thumb Code     0  __rtentry2.o(.ARM.Collect$$rtentry$$0000000C)
    __rt_exit                                0x0800019b   Thumb Code     0  rtexit.o(.ARM.Collect$$rtexit$$00000000)
    __rt_exit_ls                             0x0800019d   Thumb Code     0  rtexit2.o(.ARM.Collect$$rtexit$$00000003)
    __rt_exit_prels_1                        0x0800019d   Thumb Code     0  rtexit2.o(.ARM.Collect$$rtexit$$00000002)
    __rt_exit_exit                           0x080001a1   Thumb Code     0  rtexit2.o(.ARM.Collect$$rtexit$$00000004)
    Reset_Handler                            0x080001a9   Thumb Code     8  startup_stm32f103xb.o(.text)
    ADC1_2_IRQHandler                        0x080001c3   Thumb Code     0  startup_stm32f103xb.o(.text)
    CAN1_RX1_IRQHandler                      0x080001c3   Thumb Code     0  startup_stm32f103xb.o(.text)
    CAN1_SCE_IRQHandler                      0x080001c3   Thumb Code     0  startup_stm32f103xb.o(.text)
    DMA1_Channel1_IRQHandler                 0x080001c3   Thumb Code     0  startup_stm32f103xb.o(.text)
    DMA1_Channel2_IRQHandler                 0x080001c3   Thumb Code     0  startup_stm32f103xb.o(.text)
    DMA1_Channel3_IRQHandler                 0x080001c3   Thumb Code     0  startup_stm32f103xb.o(.text)
    DMA1_Channel4_IRQHandler                 0x080001c3   Thumb Code     0  startup_stm32f103xb.o(.text)
    DMA1_Channel5_IRQHandler                 0x080001c3   Thumb Code     0  startup_stm32f103xb.o(.text)
    DMA1_Channel6_IRQHandler                 0x080001c3   Thumb Code     0  startup_stm32f103xb.o(.text)
    DMA1_Channel7_IRQHandler                 0x080001c3   Thumb Code     0  startup_stm32f103xb.o(.text)
    EXTI0_IRQHandler                         0x080001c3   Thumb Code     0  startup_stm32f103xb.o(.text)
    EXTI15_10_IRQHandler                     0x080001c3   Thumb Code     0  startup_stm32f103xb.o(.text)
    EXTI1_IRQHandler                         0x080001c3   Thumb Code     0  startup_stm32f103xb.o(.text)
    EXTI2_IRQHandler                         0x080001c3   Thumb Code     0  startup_stm32f103xb.o(.text)
    EXTI3_IRQHandler                         0x080001c3   Thumb Code     0  startup_stm32f103xb.o(.text)
    EXTI4_IRQHandler                         0x080001c3   Thumb Code     0  startup_stm32f103xb.o(.text)
    EXTI9_5_IRQHandler                       0x080001c3   Thumb Code     0  startup_stm32f103xb.o(.text)
    FLASH_IRQHandler                         0x080001c3   Thumb Code     0  startup_stm32f103xb.o(.text)
    I2C1_ER_IRQHandler                       0x080001c3   Thumb Code     0  startup_stm32f103xb.o(.text)
    I2C1_EV_IRQHandler                       0x080001c3   Thumb Code     0  startup_stm32f103xb.o(.text)
    I2C2_ER_IRQHandler                       0x080001c3   Thumb Code     0  startup_stm32f103xb.o(.text)
    I2C2_EV_IRQHandler                       0x080001c3   Thumb Code     0  startup_stm32f103xb.o(.text)
    PVD_IRQHandler                           0x080001c3   Thumb Code     0  startup_stm32f103xb.o(.text)
    RCC_IRQHandler                           0x080001c3   Thumb Code     0  startup_stm32f103xb.o(.text)
    RTC_Alarm_IRQHandler                     0x080001c3   Thumb Code     0  startup_stm32f103xb.o(.text)
    RTC_IRQHandler                           0x080001c3   Thumb Code     0  startup_stm32f103xb.o(.text)
    SPI1_IRQHandler                          0x080001c3   Thumb Code     0  startup_stm32f103xb.o(.text)
    SPI2_IRQHandler                          0x080001c3   Thumb Code     0  startup_stm32f103xb.o(.text)
    TAMPER_IRQHandler                        0x080001c3   Thumb Code     0  startup_stm32f103xb.o(.text)
    TIM1_BRK_IRQHandler                      0x080001c3   Thumb Code     0  startup_stm32f103xb.o(.text)
    TIM1_CC_IRQHandler                       0x080001c3   Thumb Code     0  startup_stm32f103xb.o(.text)
    TIM1_TRG_COM_IRQHandler                  0x080001c3   Thumb Code     0  startup_stm32f103xb.o(.text)
    TIM1_UP_IRQHandler                       0x080001c3   Thumb Code     0  startup_stm32f103xb.o(.text)
    TIM3_IRQHandler                          0x080001c3   Thumb Code     0  startup_stm32f103xb.o(.text)
    TIM4_IRQHandler                          0x080001c3   Thumb Code     0  startup_stm32f103xb.o(.text)
    USART1_IRQHandler                        0x080001c3   Thumb Code     0  startup_stm32f103xb.o(.text)
    USART2_IRQHandler                        0x080001c3   Thumb Code     0  startup_stm32f103xb.o(.text)
    USART3_IRQHandler                        0x080001c3   Thumb Code     0  startup_stm32f103xb.o(.text)
    USBWakeUp_IRQHandler                     0x080001c3   Thumb Code     0  startup_stm32f103xb.o(.text)
    USB_HP_CAN1_TX_IRQHandler                0x080001c3   Thumb Code     0  startup_stm32f103xb.o(.text)
    USB_LP_CAN1_RX0_IRQHandler               0x080001c3   Thumb Code     0  startup_stm32f103xb.o(.text)
    WWDG_IRQHandler                          0x080001c3   Thumb Code     0  startup_stm32f103xb.o(.text)
    __user_initial_stackheap                 0x080001c5   Thumb Code     0  startup_stm32f103xb.o(.text)
    __2sprintf                               0x080001e9   Thumb Code    34  noretval__2sprintf.o(.text)
    _printf_int_dec                          0x08000211   Thumb Code   104  _printf_dec.o(.text)
    __printf                                 0x08000289   Thumb Code   270  __printf_wp.o(.text)
    strlen                                   0x08000397   Thumb Code    62  strlen.o(.text)
    __aeabi_memclr4                          0x080003d5   Thumb Code     0  rt_memclr_w.o(.text)
    __aeabi_memclr8                          0x080003d5   Thumb Code     0  rt_memclr_w.o(.text)
    __rt_memclr_w                            0x080003d5   Thumb Code     0  rt_memclr_w.o(.text)
    _memset_w                                0x080003d9   Thumb Code    74  rt_memclr_w.o(.text)
    __use_two_region_memory                  0x08000423   Thumb Code     2  heapauxi.o(.text)
    __rt_heap_escrow$2region                 0x08000425   Thumb Code     2  heapauxi.o(.text)
    __rt_heap_expand$2region                 0x08000427   Thumb Code     2  heapauxi.o(.text)
    __read_errno                             0x08000429   Thumb Code    10  _rserrno.o(.text)
    __set_errno                              0x08000433   Thumb Code    12  _rserrno.o(.text)
    _printf_int_common                       0x0800043f   Thumb Code   178  _printf_intcommon.o(.text)
    _printf_fp_dec_real                      0x080006a1   Thumb Code   620  _printf_fp_dec.o(.text)
    _printf_char_common                      0x08000917   Thumb Code    32  _printf_char_common.o(.text)
    _sputc                                   0x0800093d   Thumb Code    10  _sputc.o(.text)
    __rt_locale                              0x08000949   Thumb Code     8  rt_locale_intlibspace.o(.text)
    __aeabi_errno_addr                       0x08000951   Thumb Code     8  rt_errno_addr_intlibspace.o(.text)
    __errno$intlibspace                      0x08000951   Thumb Code     0  rt_errno_addr_intlibspace.o(.text)
    __rt_errno_addr$intlibspace              0x08000951   Thumb Code     0  rt_errno_addr_intlibspace.o(.text)
    _ll_udiv10                               0x08000959   Thumb Code   138  lludiv10.o(.text)
    _printf_fp_infnan                        0x080009e5   Thumb Code   112  _printf_fp_infnan.o(.text)
    _btod_etento                             0x08000a65   Thumb Code   224  bigflt0.o(.text)
    __user_libspace                          0x08000b49   Thumb Code     8  libspace.o(.text)
    __user_perproc_libspace                  0x08000b49   Thumb Code     0  libspace.o(.text)
    __user_perthread_libspace                0x08000b49   Thumb Code     0  libspace.o(.text)
    __user_setup_stackheap                   0x08000b51   Thumb Code    74  sys_stackheap_outer.o(.text)
    exit                                     0x08000b9b   Thumb Code    18  exit.o(.text)
    strcmp                                   0x08000bad   Thumb Code   128  strcmpv7m.o(.text)
    _sys_exit                                0x08000c2d   Thumb Code     8  sys_exit.o(.text)
    __I$use$semihosting                      0x08000c39   Thumb Code     0  use_no_semi.o(.text)
    __use_no_semihosting_swi                 0x08000c39   Thumb Code     2  use_no_semi.o(.text)
    __semihosting_library_function           0x08000c3b   Thumb Code     0  indicate_semi.o(.text)
    BusFault_Handler                         0x08000c3d   Thumb Code     2  stm32f1xx_it.o(.text.BusFault_Handler)
    DebugMon_Handler                         0x08000c41   Thumb Code     2  stm32f1xx_it.o(.text.DebugMon_Handler)
    HAL_Delay                                0x08000c45   Thumb Code    40  stm32f1xx_hal.o(.text.HAL_Delay)
    HAL_GPIO_Init                            0x08000c6d   Thumb Code   530  stm32f1xx_hal_gpio.o(.text.HAL_GPIO_Init)
    HAL_GPIO_ReadPin                         0x08000e81   Thumb Code    10  stm32f1xx_hal_gpio.o(.text.HAL_GPIO_ReadPin)
    HAL_GPIO_WritePin                        0x08000e8d   Thumb Code    10  stm32f1xx_hal_gpio.o(.text.HAL_GPIO_WritePin)
    HAL_GetTick                              0x08000e99   Thumb Code    12  stm32f1xx_hal.o(.text.HAL_GetTick)
    HAL_IncTick                              0x08000ea5   Thumb Code    26  stm32f1xx_hal.o(.text.HAL_IncTick)
    HAL_Init                                 0x08000ec1   Thumb Code    38  stm32f1xx_hal.o(.text.HAL_Init)
    HAL_InitTick                             0x08000ee9   Thumb Code    72  stm32f1xx_hal.o(.text.HAL_InitTick)
    HAL_MspInit                              0x08000f31   Thumb Code    66  stm32f1xx_hal_msp.o(.text.HAL_MspInit)
    HAL_NVIC_EnableIRQ                       0x08000f75   Thumb Code    32  stm32f1xx_hal_cortex.o(.text.HAL_NVIC_EnableIRQ)
    HAL_NVIC_SetPriority                     0x08000f95   Thumb Code    86  stm32f1xx_hal_cortex.o(.text.HAL_NVIC_SetPriority)
    HAL_NVIC_SetPriorityGrouping             0x08000fed   Thumb Code    32  stm32f1xx_hal_cortex.o(.text.HAL_NVIC_SetPriorityGrouping)
    HAL_RCC_ClockConfig                      0x0800100d   Thumb Code   446  stm32f1xx_hal_rcc.o(.text.HAL_RCC_ClockConfig)
    HAL_RCC_GetPCLK1Freq                     0x080011cd   Thumb Code    38  stm32f1xx_hal_rcc.o(.text.HAL_RCC_GetPCLK1Freq)
    HAL_RCC_GetPCLK2Freq                     0x080011f5   Thumb Code    38  stm32f1xx_hal_rcc.o(.text.HAL_RCC_GetPCLK2Freq)
    HAL_RCC_OscConfig                        0x0800121d   Thumb Code   948  stm32f1xx_hal_rcc.o(.text.HAL_RCC_OscConfig)
    HAL_SYSTICK_Config                       0x080015d1   Thumb Code    44  stm32f1xx_hal_cortex.o(.text.HAL_SYSTICK_Config)
    HAL_TIMEx_BreakCallback                  0x080015fd   Thumb Code     2  stm32f1xx_hal_tim_ex.o(.text.HAL_TIMEx_BreakCallback)
    HAL_TIMEx_CommutCallback                 0x08001601   Thumb Code     2  stm32f1xx_hal_tim_ex.o(.text.HAL_TIMEx_CommutCallback)
    HAL_TIMEx_ConfigBreakDeadTime            0x08001605   Thumb Code    76  stm32f1xx_hal_tim_ex.o(.text.HAL_TIMEx_ConfigBreakDeadTime)
    HAL_TIMEx_MasterConfigSynchronization    0x08001651   Thumb Code   122  stm32f1xx_hal_tim_ex.o(.text.HAL_TIMEx_MasterConfigSynchronization)
    HAL_TIM_IC_CaptureCallback               0x080016cd   Thumb Code   164  main.o(.text.HAL_TIM_IC_CaptureCallback)
    HAL_TIM_IC_ConfigChannel                 0x08001771   Thumb Code   382  stm32f1xx_hal_tim.o(.text.HAL_TIM_IC_ConfigChannel)
    HAL_TIM_IC_Init                          0x080018f1   Thumb Code   250  stm32f1xx_hal_tim.o(.text.HAL_TIM_IC_Init)
    HAL_TIM_IC_MspInit                       0x080019ed   Thumb Code   106  stm32f1xx_hal_msp.o(.text.HAL_TIM_IC_MspInit)
    HAL_TIM_IRQHandler                       0x08001a59   Thumb Code   316  stm32f1xx_hal_tim.o(.text.HAL_TIM_IRQHandler)
    HAL_TIM_MspPostInit                      0x08001b95   Thumb Code    80  stm32f1xx_hal_msp.o(.text.HAL_TIM_MspPostInit)
    HAL_TIM_OC_DelayElapsedCallback          0x08001be5   Thumb Code     2  stm32f1xx_hal_tim.o(.text.HAL_TIM_OC_DelayElapsedCallback)
    HAL_TIM_PWM_ConfigChannel                0x08001be9   Thumb Code   516  stm32f1xx_hal_tim.o(.text.HAL_TIM_PWM_ConfigChannel)
    HAL_TIM_PWM_Init                         0x08001ded   Thumb Code   250  stm32f1xx_hal_tim.o(.text.HAL_TIM_PWM_Init)
    HAL_TIM_PWM_MspInit                      0x08001ee9   Thumb Code    50  stm32f1xx_hal_msp.o(.text.HAL_TIM_PWM_MspInit)
    HAL_TIM_PWM_PulseFinishedCallback        0x08001f1d   Thumb Code     2  stm32f1xx_hal_tim.o(.text.HAL_TIM_PWM_PulseFinishedCallback)
    HAL_TIM_PWM_Start                        0x08001f21   Thumb Code   222  stm32f1xx_hal_tim.o(.text.HAL_TIM_PWM_Start)
    HAL_TIM_PeriodElapsedCallback            0x08002001   Thumb Code     2  stm32f1xx_hal_tim.o(.text.HAL_TIM_PeriodElapsedCallback)
    HAL_TIM_ReadCapturedValue                0x08002005   Thumb Code    52  stm32f1xx_hal_tim.o(.text.HAL_TIM_ReadCapturedValue)
    HAL_TIM_SlaveConfigSynchro               0x08002039   Thumb Code    88  stm32f1xx_hal_tim.o(.text.HAL_TIM_SlaveConfigSynchro)
    HAL_TIM_TriggerCallback                  0x08002091   Thumb Code     2  stm32f1xx_hal_tim.o(.text.HAL_TIM_TriggerCallback)
    HAL_UART_Init                            0x08002095   Thumb Code   222  stm32f1xx_hal_uart.o(.text.HAL_UART_Init)
    HAL_UART_MspInit                         0x08002175   Thumb Code   122  stm32f1xx_hal_msp.o(.text.HAL_UART_MspInit)
    HAL_UART_Transmit                        0x080021f1   Thumb Code   388  stm32f1xx_hal_uart.o(.text.HAL_UART_Transmit)
    HardFault_Handler                        0x08002375   Thumb Code     2  stm32f1xx_it.o(.text.HardFault_Handler)
    MPU6050_Get_Angle                        0x08002a4d   Thumb Code   260  mpu6050.o(.text.MPU6050_Get_Angle)
    MPU6050_I2C_Init                         0x08002b51   Thumb Code  1038  mpu6050.o(.text.MPU6050_I2C_Init)
    MPU6050_Init                             0x08002f61   Thumb Code   158  mpu6050.o(.text.MPU6050_Init)
    MPU6050_ReadReg                          0x08003001   Thumb Code   376  mpu6050.o(.text.MPU6050_ReadReg)
    MPU6050_Read_Data                        0x08003179   Thumb Code   596  mpu6050.o(.text.MPU6050_Read_Data)
    MPU6050_WriteReg                         0x080033cd   Thumb Code   184  mpu6050.o(.text.MPU6050_WriteReg)
    MemManage_Handler                        0x08003485   Thumb Code     2  stm32f1xx_it.o(.text.MemManage_Handler)
    Motor_Control                            0x08003489   Thumb Code   266  main.o(.text.Motor_Control)
    NMI_Handler                              0x08003595   Thumb Code     2  stm32f1xx_it.o(.text.NMI_Handler)
    PendSV_Handler                           0x08003599   Thumb Code     2  stm32f1xx_it.o(.text.PendSV_Handler)
    SVC_Handler                              0x0800359d   Thumb Code     2  stm32f1xx_it.o(.text.SVC_Handler)
    SysTick_Handler                          0x080035a1   Thumb Code     4  stm32f1xx_it.o(.text.SysTick_Handler)
    SystemInit                               0x080035a5   Thumb Code     2  system_stm32f1xx.o(.text.SystemInit)
    TIM2_IRQHandler                          0x080035a9   Thumb Code    12  stm32f1xx_it.o(.text.TIM2_IRQHandler)
    UsageFault_Handler                       0x08003691   Thumb Code     2  stm32f1xx_it.o(.text.UsageFault_Handler)
    main                                     0x08003695   Thumb Code  1496  main.o(.text.main)
    _btod_d2e                                0x08003cb9   Thumb Code    62  btod.o(CL$$btod_d2e)
    _d2e_denorm_low                          0x08003cf7   Thumb Code    70  btod.o(CL$$btod_d2e_denorm_low)
    _d2e_norm_op1                            0x08003d3d   Thumb Code    96  btod.o(CL$$btod_d2e_norm_op1)
    __btod_div_common                        0x08003d9d   Thumb Code   696  btod.o(CL$$btod_div_common)
    _e2e                                     0x080040d5   Thumb Code   220  btod.o(CL$$btod_e2e)
    _btod_ediv                               0x080041b1   Thumb Code    42  btod.o(CL$$btod_ediv)
    _btod_emul                               0x080041db   Thumb Code    42  btod.o(CL$$btod_emul)
    __btod_mult_common                       0x08004205   Thumb Code   580  btod.o(CL$$btod_mult_common)
    __ARM_fpclassify                         0x08004449   Thumb Code    40  fpclassify.o(i.__ARM_fpclassify)
    __ARM_fpclassifyf                        0x08004471   Thumb Code    38  fpclassifyf.o(i.__ARM_fpclassifyf)
    __mathlib_flt_infnan2                    0x08004497   Thumb Code     4  funder.o(i.__mathlib_flt_infnan2)
    __mathlib_flt_underflow                  0x0800449b   Thumb Code    10  funder.o(i.__mathlib_flt_underflow)
    _is_digit                                0x080044a5   Thumb Code    14  __printf_wp.o(i._is_digit)
    atan2f                                   0x080044b5   Thumb Code   598  atan2f.o(i.atan2f)
    _get_lc_numeric                          0x08004759   Thumb Code    44  lc_numeric_c.o(locale$$code)
    __fpl_dretinf                            0x08004785   Thumb Code    12  dretinf.o(x$fpl$dretinf)
    __aeabi_f2d                              0x08004791   Thumb Code     0  f2d.o(x$fpl$f2d)
    _f2d                                     0x08004791   Thumb Code    86  f2d.o(x$fpl$f2d)
    __aeabi_fadd                             0x080047e9   Thumb Code     0  faddsub_clz.o(x$fpl$fadd)
    _fadd                                    0x080047e9   Thumb Code   196  faddsub_clz.o(x$fpl$fadd)
    __fpl_fcheck_NaN1                        0x080048ad   Thumb Code     6  fcheck1.o(x$fpl$fcheck1)
    __aeabi_fcmpeq                           0x080048b9   Thumb Code     0  fcmp.o(x$fpl$fcmp)
    _feq                                     0x080048b9   Thumb Code    14  fcmp.o(x$fpl$fcmp)
    _fneq                                    0x080048c7   Thumb Code    14  fcmp.o(x$fpl$fcmp)
    __aeabi_fcmpgt                           0x080048d5   Thumb Code     0  fcmp.o(x$fpl$fcmp)
    _fgr                                     0x080048d5   Thumb Code    14  fcmp.o(x$fpl$fcmp)
    __aeabi_fcmpge                           0x080048e3   Thumb Code     0  fcmp.o(x$fpl$fcmp)
    _fgeq                                    0x080048e3   Thumb Code    14  fcmp.o(x$fpl$fcmp)
    __aeabi_fcmple                           0x080048f1   Thumb Code     0  fcmp.o(x$fpl$fcmp)
    _fleq                                    0x080048f1   Thumb Code    14  fcmp.o(x$fpl$fcmp)
    __aeabi_fcmplt                           0x080048ff   Thumb Code     0  fcmp.o(x$fpl$fcmp)
    _fls                                     0x080048ff   Thumb Code    14  fcmp.o(x$fpl$fcmp)
    __fpl_fcmp_Inf                           0x0800490d   Thumb Code    24  fcmpi.o(x$fpl$fcmpinf)
    __aeabi_fdiv                             0x08004925   Thumb Code     0  fdiv.o(x$fpl$fdiv)
    _fdiv                                    0x08004925   Thumb Code   384  fdiv.o(x$fpl$fdiv)
    __aeabi_cfcmpeq                          0x08004aa9   Thumb Code     0  feqf.o(x$fpl$feqf)
    _fcmpeq                                  0x08004aa9   Thumb Code   104  feqf.o(x$fpl$feqf)
    __aeabi_f2iz                             0x08004b11   Thumb Code     0  ffix.o(x$fpl$ffix)
    _ffix                                    0x08004b11   Thumb Code    54  ffix.o(x$fpl$ffix)
    __aeabi_i2f                              0x08004b49   Thumb Code     0  fflt_clz.o(x$fpl$fflt)
    _fflt                                    0x08004b49   Thumb Code    48  fflt_clz.o(x$fpl$fflt)
    __aeabi_ui2f                             0x08004b79   Thumb Code     0  fflt_clz.o(x$fpl$ffltu)
    _ffltu                                   0x08004b79   Thumb Code    38  fflt_clz.o(x$fpl$ffltu)
    _fcmpge                                  0x08004ba1   Thumb Code   104  fgeqf.o(x$fpl$fgeqf)
    __aeabi_cfcmple                          0x08004c09   Thumb Code     0  fleqf.o(x$fpl$fleqf)
    _fcmple                                  0x08004c09   Thumb Code   104  fleqf.o(x$fpl$fleqf)
    __fpl_fcmple_InfNaN                      0x08004c5b   Thumb Code     0  fleqf.o(x$fpl$fleqf)
    __aeabi_fmul                             0x08004c71   Thumb Code     0  fmul.o(x$fpl$fmul)
    _fmul                                    0x08004c71   Thumb Code   258  fmul.o(x$fpl$fmul)
    __fpl_fnaninf                            0x08004d73   Thumb Code   140  fnaninf.o(x$fpl$fnaninf)
    __fpl_fretinf                            0x08004dff   Thumb Code    10  fretinf.o(x$fpl$fretinf)
    __aeabi_frsub                            0x08004e09   Thumb Code     0  faddsub_clz.o(x$fpl$frsb)
    _frsb                                    0x08004e09   Thumb Code    20  faddsub_clz.o(x$fpl$frsb)
    __aeabi_fsub                             0x08004e1d   Thumb Code     0  faddsub_clz.o(x$fpl$fsub)
    _fsub                                    0x08004e1d   Thumb Code   234  faddsub_clz.o(x$fpl$fsub)
    _printf_fp_dec                           0x08004f07   Thumb Code     4  printf1.o(x$fpl$printf1)
    __fpl_return_NaN                         0x08004f0b   Thumb Code   100  retnan.o(x$fpl$retnan)
    __ARM_scalbnf                            0x08004f6f   Thumb Code    76  scalbnf.o(x$fpl$scalbnf)
    __fpl_cmpreturn                          0x08004fbb   Thumb Code    48  trapv.o(x$fpl$trapveneer)
    __I$use$fp                               0x08004fea   Number         0  usenofp.o(x$fpl$usenofp)
    AHBPrescTable                            0x08005080   Data          16  system_stm32f1xx.o(.rodata.AHBPrescTable)
    APBPrescTable                            0x08005090   Data           8  system_stm32f1xx.o(.rodata.APBPrescTable)
    Region$$Table$$Base                      0x080050ac   Number         0  anon$$obj.o(Region$$Table)
    Region$$Table$$Limit                     0x080050cc   Number         0  anon$$obj.o(Region$$Table)
    Target_Angle                             0x20000000   Data           4  main.o(.data..L_MergedGlobals)
    Kp                                       0x20000004   Data           4  main.o(.data..L_MergedGlobals)
    Ki                                       0x20000008   Data           4  main.o(.data..L_MergedGlobals)
    Kd                                       0x2000000c   Data           4  main.o(.data..L_MergedGlobals)
    Track_Speed                              0x20000010   Data           4  main.o(.data..L_MergedGlobals)
    uwTickFreq                               0x20000014   Data           1  stm32f1xx_hal.o(.data..L_MergedGlobals)
    uwTickPrio                               0x20000018   Data           4  stm32f1xx_hal.o(.data..L_MergedGlobals)
    SystemCoreClock                          0x2000001c   Data           4  system_stm32f1xx.o(.data.SystemCoreClock)
    __libspace_start                         0x20000020   Data          96  libspace.o(.bss)
    __temporary_stack_top$libspace           0x20000080   Data           0  libspace.o(.bss)
    is_mpu6050_ok                            0x20000080   Data           1  main.o(.bss..L_MergedGlobals.3)
    Pitch                                    0x20000084   Data           4  main.o(.bss..L_MergedGlobals.3)
    Roll                                     0x20000088   Data           4  main.o(.bss..L_MergedGlobals.3)
    Balance_PWM                              0x2000008c   Data           4  main.o(.bss..L_MergedGlobals.3)
    Last_Error                               0x20000090   Data           4  main.o(.bss..L_MergedGlobals.3)
    Bias_Integral                            0x20000094   Data           4  main.o(.bss..L_MergedGlobals.3)
    Steer_PWM                                0x20000098   Data           4  main.o(.bss..L_MergedGlobals.3)
    IC_Val1                                  0x2000009c   Data           4  main.o(.bss..L_MergedGlobals.3)
    IC_Val2                                  0x200000a0   Data           4  main.o(.bss..L_MergedGlobals.3)
    Frequency                                0x200000a4   Data           4  main.o(.bss..L_MergedGlobals.3)
    DutyCycle                                0x200000a8   Data           4  main.o(.bss..L_MergedGlobals.3)
    OnTime_ms                                0x200000ac   Data           4  main.o(.bss..L_MergedGlobals.3)
    OffTime_ms                               0x200000b0   Data           4  main.o(.bss..L_MergedGlobals.3)
    TotalPeriod_ms                           0x200000b4   Data           4  main.o(.bss..L_MergedGlobals.3)
    htim1                                    0x200000bc   Data          72  main.o(.bss.htim1)
    htim2                                    0x20000104   Data          72  main.o(.bss.htim2)
    huart1                                   0x2000014c   Data          72  main.o(.bss.huart1)
    msg                                      0x20000194   Data         128  main.o(.bss.msg)
    uwTick                                   0x20000214   Data           4  stm32f1xx_hal.o(.bss.uwTick)



==============================================================================

Memory Map of the image

  Image Entry point : 0x080000ed

  Load Region LR_IROM1 (Base: 0x08000000, Size: 0x00005108, Max: 0x00010000, ABSOLUTE)

    Execution Region ER_IROM1 (Exec base: 0x08000000, Load base: 0x08000000, Size: 0x000050e8, Max: 0x00010000, ABSOLUTE)

    Exec Addr    Load Addr    Size         Type   Attr      Idx    E Section Name        Object

    0x08000000   0x08000000   0x000000ec   Data   RO            3    RESET               startup_stm32f103xb.o
    0x080000ec   0x080000ec   0x00000008   Code   RO          957  * !!!main             c_w.l(__main.o)
    0x080000f4   0x080000f4   0x00000034   Code   RO         1260    !!!scatter          c_w.l(__scatter.o)
    0x08000128   0x08000128   0x0000001a   Code   RO         1262    !!handler_copy      c_w.l(__scatter_copy.o)
    0x08000142   0x08000142   0x00000002   PAD
    0x08000144   0x08000144   0x0000001c   Code   RO         1264    !!handler_zi        c_w.l(__scatter_zi.o)
    0x08000160   0x08000160   0x00000000   Code   RO          950    .ARM.Collect$$_printf_percent$$00000000  c_w.l(_printf_percent.o)
    0x08000160   0x08000160   0x00000006   Code   RO          949    .ARM.Collect$$_printf_percent$$00000003  c_w.l(_printf_f.o)
    0x08000166   0x08000166   0x00000006   Code   RO          948    .ARM.Collect$$_printf_percent$$00000009  c_w.l(_printf_d.o)
    0x0800016c   0x0800016c   0x00000004   Code   RO         1004    .ARM.Collect$$_printf_percent$$00000017  c_w.l(_printf_percent_end.o)
    0x08000170   0x08000170   0x00000002   Code   RO         1119    .ARM.Collect$$libinit$$00000000  c_w.l(libinit.o)
    0x08000172   0x08000172   0x00000000   Code   RO         1121    .ARM.Collect$$libinit$$00000002  c_w.l(libinit2.o)
    0x08000172   0x08000172   0x00000000   Code   RO         1123    .ARM.Collect$$libinit$$00000004  c_w.l(libinit2.o)
    0x08000172   0x08000172   0x00000000   Code   RO         1126    .ARM.Collect$$libinit$$0000000A  c_w.l(libinit2.o)
    0x08000172   0x08000172   0x00000000   Code   RO         1128    .ARM.Collect$$libinit$$0000000C  c_w.l(libinit2.o)
    0x08000172   0x08000172   0x00000000   Code   RO         1130    .ARM.Collect$$libinit$$0000000E  c_w.l(libinit2.o)
    0x08000172   0x08000172   0x00000006   Code   RO         1131    .ARM.Collect$$libinit$$0000000F  c_w.l(libinit2.o)
    0x08000178   0x08000178   0x00000000   Code   RO         1133    .ARM.Collect$$libinit$$00000011  c_w.l(libinit2.o)
    0x08000178   0x08000178   0x00000000   Code   RO         1135    .ARM.Collect$$libinit$$00000013  c_w.l(libinit2.o)
    0x08000178   0x08000178   0x00000000   Code   RO         1137    .ARM.Collect$$libinit$$00000015  c_w.l(libinit2.o)
    0x08000178   0x08000178   0x0000000a   Code   RO         1138    .ARM.Collect$$libinit$$00000016  c_w.l(libinit2.o)
    0x08000182   0x08000182   0x00000000   Code   RO         1139    .ARM.Collect$$libinit$$00000017  c_w.l(libinit2.o)
    0x08000182   0x08000182   0x00000000   Code   RO         1141    .ARM.Collect$$libinit$$00000019  c_w.l(libinit2.o)
    0x08000182   0x08000182   0x00000000   Code   RO         1143    .ARM.Collect$$libinit$$0000001B  c_w.l(libinit2.o)
    0x08000182   0x08000182   0x00000000   Code   RO         1145    .ARM.Collect$$libinit$$0000001D  c_w.l(libinit2.o)
    0x08000182   0x08000182   0x00000000   Code   RO         1147    .ARM.Collect$$libinit$$0000001F  c_w.l(libinit2.o)
    0x08000182   0x08000182   0x00000000   Code   RO         1149    .ARM.Collect$$libinit$$00000021  c_w.l(libinit2.o)
    0x08000182   0x08000182   0x00000000   Code   RO         1151    .ARM.Collect$$libinit$$00000023  c_w.l(libinit2.o)
    0x08000182   0x08000182   0x00000000   Code   RO         1153    .ARM.Collect$$libinit$$00000025  c_w.l(libinit2.o)
    0x08000182   0x08000182   0x00000000   Code   RO         1157    .ARM.Collect$$libinit$$0000002C  c_w.l(libinit2.o)
    0x08000182   0x08000182   0x00000000   Code   RO         1159    .ARM.Collect$$libinit$$0000002E  c_w.l(libinit2.o)
    0x08000182   0x08000182   0x00000000   Code   RO         1161    .ARM.Collect$$libinit$$00000030  c_w.l(libinit2.o)
    0x08000182   0x08000182   0x00000000   Code   RO         1163    .ARM.Collect$$libinit$$00000032  c_w.l(libinit2.o)
    0x08000182   0x08000182   0x00000002   Code   RO         1164    .ARM.Collect$$libinit$$00000033  c_w.l(libinit2.o)
    0x08000184   0x08000184   0x00000002   Code   RO         1206    .ARM.Collect$$libshutdown$$00000000  c_w.l(libshutdown.o)
    0x08000186   0x08000186   0x00000000   Code   RO         1217    .ARM.Collect$$libshutdown$$00000002  c_w.l(libshutdown2.o)
    0x08000186   0x08000186   0x00000000   Code   RO         1219    .ARM.Collect$$libshutdown$$00000004  c_w.l(libshutdown2.o)
    0x08000186   0x08000186   0x00000000   Code   RO         1222    .ARM.Collect$$libshutdown$$00000007  c_w.l(libshutdown2.o)
    0x08000186   0x08000186   0x00000000   Code   RO         1225    .ARM.Collect$$libshutdown$$0000000A  c_w.l(libshutdown2.o)
    0x08000186   0x08000186   0x00000000   Code   RO         1227    .ARM.Collect$$libshutdown$$0000000C  c_w.l(libshutdown2.o)
    0x08000186   0x08000186   0x00000000   Code   RO         1230    .ARM.Collect$$libshutdown$$0000000F  c_w.l(libshutdown2.o)
    0x08000186   0x08000186   0x00000002   Code   RO         1231    .ARM.Collect$$libshutdown$$00000010  c_w.l(libshutdown2.o)
    0x08000188   0x08000188   0x00000000   Code   RO          991    .ARM.Collect$$rtentry$$00000000  c_w.l(__rtentry.o)
    0x08000188   0x08000188   0x00000000   Code   RO         1035    .ARM.Collect$$rtentry$$00000002  c_w.l(__rtentry2.o)
    0x08000188   0x08000188   0x00000006   Code   RO         1047    .ARM.Collect$$rtentry$$00000004  c_w.l(__rtentry4.o)
    0x0800018e   0x0800018e   0x00000000   Code   RO         1037    .ARM.Collect$$rtentry$$00000009  c_w.l(__rtentry2.o)
    0x0800018e   0x0800018e   0x00000004   Code   RO         1038    .ARM.Collect$$rtentry$$0000000A  c_w.l(__rtentry2.o)
    0x08000192   0x08000192   0x00000000   Code   RO         1040    .ARM.Collect$$rtentry$$0000000C  c_w.l(__rtentry2.o)
    0x08000192   0x08000192   0x00000008   Code   RO         1041    .ARM.Collect$$rtentry$$0000000D  c_w.l(__rtentry2.o)
    0x0800019a   0x0800019a   0x00000002   Code   RO         1167    .ARM.Collect$$rtexit$$00000000  c_w.l(rtexit.o)
    0x0800019c   0x0800019c   0x00000000   Code   RO         1178    .ARM.Collect$$rtexit$$00000002  c_w.l(rtexit2.o)
    0x0800019c   0x0800019c   0x00000004   Code   RO         1179    .ARM.Collect$$rtexit$$00000003  c_w.l(rtexit2.o)
    0x080001a0   0x080001a0   0x00000006   Code   RO         1180    .ARM.Collect$$rtexit$$00000004  c_w.l(rtexit2.o)
    0x080001a6   0x080001a6   0x00000002   PAD
    0x080001a8   0x080001a8   0x00000040   Code   RO            4    .text               startup_stm32f103xb.o
    0x080001e8   0x080001e8   0x00000028   Code   RO          922    .text               c_w.l(noretval__2sprintf.o)
    0x08000210   0x08000210   0x00000078   Code   RO          926    .text               c_w.l(_printf_dec.o)
    0x08000288   0x08000288   0x0000010e   Code   RO          936    .text               c_w.l(__printf_wp.o)
    0x08000396   0x08000396   0x0000003e   Code   RO          951    .text               c_w.l(strlen.o)
    0x080003d4   0x080003d4   0x0000004e   Code   RO          953    .text               c_w.l(rt_memclr_w.o)
    0x08000422   0x08000422   0x00000006   Code   RO          955    .text               c_w.l(heapauxi.o)
    0x08000428   0x08000428   0x00000016   Code   RO          992    .text               c_w.l(_rserrno.o)
    0x0800043e   0x0800043e   0x000000b2   Code   RO          994    .text               c_w.l(_printf_intcommon.o)
    0x080004f0   0x080004f0   0x0000041c   Code   RO          996    .text               c_w.l(_printf_fp_dec.o)
    0x0800090c   0x0800090c   0x00000030   Code   RO         1000    .text               c_w.l(_printf_char_common.o)
    0x0800093c   0x0800093c   0x0000000a   Code   RO         1002    .text               c_w.l(_sputc.o)
    0x08000946   0x08000946   0x00000002   PAD
    0x08000948   0x08000948   0x00000008   Code   RO         1052    .text               c_w.l(rt_locale_intlibspace.o)
    0x08000950   0x08000950   0x00000008   Code   RO         1057    .text               c_w.l(rt_errno_addr_intlibspace.o)
    0x08000958   0x08000958   0x0000008a   Code   RO         1059    .text               c_w.l(lludiv10.o)
    0x080009e2   0x080009e2   0x00000002   PAD
    0x080009e4   0x080009e4   0x00000080   Code   RO         1061    .text               c_w.l(_printf_fp_infnan.o)
    0x08000a64   0x08000a64   0x000000e4   Code   RO         1065    .text               c_w.l(bigflt0.o)
    0x08000b48   0x08000b48   0x00000008   Code   RO         1103    .text               c_w.l(libspace.o)
    0x08000b50   0x08000b50   0x0000004a   Code   RO         1106    .text               c_w.l(sys_stackheap_outer.o)
    0x08000b9a   0x08000b9a   0x00000012   Code   RO         1110    .text               c_w.l(exit.o)
    0x08000bac   0x08000bac   0x00000080   Code   RO         1112    .text               c_w.l(strcmpv7m.o)
    0x08000c2c   0x08000c2c   0x0000000c   Code   RO         1192    .text               c_w.l(sys_exit.o)
    0x08000c38   0x08000c38   0x00000002   Code   RO         1207    .text               c_w.l(use_no_semi.o)
    0x08000c3a   0x08000c3a   0x00000000   Code   RO         1209    .text               c_w.l(indicate_semi.o)
    0x08000c3a   0x08000c3a   0x00000002   PAD
    0x08000c3c   0x08000c3c   0x00000002   Code   RO           73    .text.BusFault_Handler  stm32f1xx_it.o
    0x08000c3e   0x08000c3e   0x00000002   PAD
    0x08000c40   0x08000c40   0x00000002   Code   RO           79    .text.DebugMon_Handler  stm32f1xx_it.o
    0x08000c42   0x08000c42   0x00000002   PAD
    0x08000c44   0x08000c44   0x00000028   Code   RO          471    .text.HAL_Delay     stm32f1xx_hal.o
    0x08000c6c   0x08000c6c   0x00000212   Code   RO          563    .text.HAL_GPIO_Init  stm32f1xx_hal_gpio.o
    0x08000e7e   0x08000e7e   0x00000002   PAD
    0x08000e80   0x08000e80   0x0000000a   Code   RO          567    .text.HAL_GPIO_ReadPin  stm32f1xx_hal_gpio.o
    0x08000e8a   0x08000e8a   0x00000002   PAD
    0x08000e8c   0x08000e8c   0x0000000a   Code   RO          569    .text.HAL_GPIO_WritePin  stm32f1xx_hal_gpio.o
    0x08000e96   0x08000e96   0x00000002   PAD
    0x08000e98   0x08000e98   0x0000000c   Code   RO          463    .text.HAL_GetTick   stm32f1xx_hal.o
    0x08000ea4   0x08000ea4   0x0000001a   Code   RO          461    .text.HAL_IncTick   stm32f1xx_hal.o
    0x08000ebe   0x08000ebe   0x00000002   PAD
    0x08000ec0   0x08000ec0   0x00000026   Code   RO          451    .text.HAL_Init      stm32f1xx_hal.o
    0x08000ee6   0x08000ee6   0x00000002   PAD
    0x08000ee8   0x08000ee8   0x00000048   Code   RO          453    .text.HAL_InitTick  stm32f1xx_hal.o
    0x08000f30   0x08000f30   0x00000042   Code   RO           94    .text.HAL_MspInit   stm32f1xx_hal_msp.o
    0x08000f72   0x08000f72   0x00000002   PAD
    0x08000f74   0x08000f74   0x00000020   Code   RO          623    .text.HAL_NVIC_EnableIRQ  stm32f1xx_hal_cortex.o
    0x08000f94   0x08000f94   0x00000056   Code   RO          621    .text.HAL_NVIC_SetPriority  stm32f1xx_hal_cortex.o
    0x08000fea   0x08000fea   0x00000002   PAD
    0x08000fec   0x08000fec   0x00000020   Code   RO          619    .text.HAL_NVIC_SetPriorityGrouping  stm32f1xx_hal_cortex.o
    0x0800100c   0x0800100c   0x000001be   Code   RO          515    .text.HAL_RCC_ClockConfig  stm32f1xx_hal_rcc.o
    0x080011ca   0x080011ca   0x00000002   PAD
    0x080011cc   0x080011cc   0x00000026   Code   RO          527    .text.HAL_RCC_GetPCLK1Freq  stm32f1xx_hal_rcc.o
    0x080011f2   0x080011f2   0x00000002   PAD
    0x080011f4   0x080011f4   0x00000026   Code   RO          529    .text.HAL_RCC_GetPCLK2Freq  stm32f1xx_hal_rcc.o
    0x0800121a   0x0800121a   0x00000002   PAD
    0x0800121c   0x0800121c   0x000003b4   Code   RO          513    .text.HAL_RCC_OscConfig  stm32f1xx_hal_rcc.o
    0x080015d0   0x080015d0   0x0000002c   Code   RO          631    .text.HAL_SYSTICK_Config  stm32f1xx_hal_cortex.o
    0x080015fc   0x080015fc   0x00000002   Code   RO          437    .text.HAL_TIMEx_BreakCallback  stm32f1xx_hal_tim_ex.o
    0x080015fe   0x080015fe   0x00000002   PAD
    0x08001600   0x08001600   0x00000002   Code   RO          433    .text.HAL_TIMEx_CommutCallback  stm32f1xx_hal_tim_ex.o
    0x08001602   0x08001602   0x00000002   PAD
    0x08001604   0x08001604   0x0000004c   Code   RO          429    .text.HAL_TIMEx_ConfigBreakDeadTime  stm32f1xx_hal_tim_ex.o
    0x08001650   0x08001650   0x0000007a   Code   RO          427    .text.HAL_TIMEx_MasterConfigSynchronization  stm32f1xx_hal_tim_ex.o
    0x080016ca   0x080016ca   0x00000002   PAD
    0x080016cc   0x080016cc   0x000000a4   Code   RO           49    .text.HAL_TIM_IC_CaptureCallback  main.o
    0x08001770   0x08001770   0x0000017e   Code   RO          282    .text.HAL_TIM_IC_ConfigChannel  stm32f1xx_hal_tim.o
    0x080018ee   0x080018ee   0x00000002   PAD
    0x080018f0   0x080018f0   0x000000fa   Code   RO          206    .text.HAL_TIM_IC_Init  stm32f1xx_hal_tim.o
    0x080019ea   0x080019ea   0x00000002   PAD
    0x080019ec   0x080019ec   0x0000006a   Code   RO           98    .text.HAL_TIM_IC_MspInit  stm32f1xx_hal_msp.o
    0x08001a56   0x08001a56   0x00000002   PAD
    0x08001a58   0x08001a58   0x0000013c   Code   RO          266    .text.HAL_TIM_IRQHandler  stm32f1xx_hal_tim.o
    0x08001b94   0x08001b94   0x00000050   Code   RO          100    .text.HAL_TIM_MspPostInit  stm32f1xx_hal_msp.o
    0x08001be4   0x08001be4   0x00000002   Code   RO          270    .text.HAL_TIM_OC_DelayElapsedCallback  stm32f1xx_hal_tim.o
    0x08001be6   0x08001be6   0x00000002   PAD
    0x08001be8   0x08001be8   0x00000204   Code   RO          286    .text.HAL_TIM_PWM_ConfigChannel  stm32f1xx_hal_tim.o
    0x08001dec   0x08001dec   0x000000fa   Code   RO          186    .text.HAL_TIM_PWM_Init  stm32f1xx_hal_tim.o
    0x08001ee6   0x08001ee6   0x00000002   PAD
    0x08001ee8   0x08001ee8   0x00000032   Code   RO           96    .text.HAL_TIM_PWM_MspInit  stm32f1xx_hal_msp.o
    0x08001f1a   0x08001f1a   0x00000002   PAD
    0x08001f1c   0x08001f1c   0x00000002   Code   RO          272    .text.HAL_TIM_PWM_PulseFinishedCallback  stm32f1xx_hal_tim.o
    0x08001f1e   0x08001f1e   0x00000002   PAD
    0x08001f20   0x08001f20   0x000000de   Code   RO          194    .text.HAL_TIM_PWM_Start  stm32f1xx_hal_tim.o
    0x08001ffe   0x08001ffe   0x00000002   PAD
    0x08002000   0x08002000   0x00000002   Code   RO          274    .text.HAL_TIM_PeriodElapsedCallback  stm32f1xx_hal_tim.o
    0x08002002   0x08002002   0x00000002   PAD
    0x08002004   0x08002004   0x00000034   Code   RO          322    .text.HAL_TIM_ReadCapturedValue  stm32f1xx_hal_tim.o
    0x08002038   0x08002038   0x00000058   Code   RO          316    .text.HAL_TIM_SlaveConfigSynchro  stm32f1xx_hal_tim.o
    0x08002090   0x08002090   0x00000002   Code   RO          276    .text.HAL_TIM_TriggerCallback  stm32f1xx_hal_tim.o
    0x08002092   0x08002092   0x00000002   PAD
    0x08002094   0x08002094   0x000000de   Code   RO          784    .text.HAL_UART_Init  stm32f1xx_hal_uart.o
    0x08002172   0x08002172   0x00000002   PAD
    0x08002174   0x08002174   0x0000007a   Code   RO          106    .text.HAL_UART_MspInit  stm32f1xx_hal_msp.o
    0x080021ee   0x080021ee   0x00000002   PAD
    0x080021f0   0x080021f0   0x00000184   Code   RO          798    .text.HAL_UART_Transmit  stm32f1xx_hal_uart.o
    0x08002374   0x08002374   0x00000002   Code   RO           69    .text.HardFault_Handler  stm32f1xx_it.o
    0x08002376   0x08002376   0x00000002   PAD
    0x08002378   0x08002378   0x00000420   Code   RO           23    .text.I2C_ReadByte  mpu6050.o
    0x08002798   0x08002798   0x000000b6   Code   RO           15    .text.I2C_Start     mpu6050.o
    0x0800284e   0x0800284e   0x00000002   PAD
    0x08002850   0x08002850   0x0000013c   Code   RO           19    .text.I2C_WaitAck   mpu6050.o
    0x0800298c   0x0800298c   0x000000c0   Code   RO           17    .text.I2C_WriteByte  mpu6050.o
    0x08002a4c   0x08002a4c   0x00000104   Code   RO           29    .text.MPU6050_Get_Angle  mpu6050.o
    0x08002b50   0x08002b50   0x0000040e   Code   RO           11    .text.MPU6050_I2C_Init  mpu6050.o
    0x08002f5e   0x08002f5e   0x00000002   PAD
    0x08002f60   0x08002f60   0x0000009e   Code   RO           25    .text.MPU6050_Init  mpu6050.o
    0x08002ffe   0x08002ffe   0x00000002   PAD
    0x08003000   0x08003000   0x00000178   Code   RO           21    .text.MPU6050_ReadReg  mpu6050.o
    0x08003178   0x08003178   0x00000254   Code   RO           27    .text.MPU6050_Read_Data  mpu6050.o
    0x080033cc   0x080033cc   0x000000b8   Code   RO           13    .text.MPU6050_WriteReg  mpu6050.o
    0x08003484   0x08003484   0x00000002   Code   RO           71    .text.MemManage_Handler  stm32f1xx_it.o
    0x08003486   0x08003486   0x00000002   PAD
    0x08003488   0x08003488   0x0000010a   Code   RO           41    .text.Motor_Control  main.o
    0x08003592   0x08003592   0x00000002   PAD
    0x08003594   0x08003594   0x00000002   Code   RO           67    .text.NMI_Handler   stm32f1xx_it.o
    0x08003596   0x08003596   0x00000002   PAD
    0x08003598   0x08003598   0x00000002   Code   RO           81    .text.PendSV_Handler  stm32f1xx_it.o
    0x0800359a   0x0800359a   0x00000002   PAD
    0x0800359c   0x0800359c   0x00000002   Code   RO           77    .text.SVC_Handler   stm32f1xx_it.o
    0x0800359e   0x0800359e   0x00000002   PAD
    0x080035a0   0x080035a0   0x00000004   Code   RO           83    .text.SysTick_Handler  stm32f1xx_it.o
    0x080035a4   0x080035a4   0x00000002   Code   RO          904    .text.SystemInit    system_stm32f1xx.o
    0x080035a6   0x080035a6   0x00000002   PAD
    0x080035a8   0x080035a8   0x0000000c   Code   RO           85    .text.TIM2_IRQHandler  stm32f1xx_it.o
    0x080035b4   0x080035b4   0x000000dc   Code   RO          318    .text.TIM_SlaveTimer_SetConfig  stm32f1xx_hal_tim.o
    0x08003690   0x08003690   0x00000002   Code   RO           75    .text.UsageFault_Handler  stm32f1xx_it.o
    0x08003692   0x08003692   0x00000002   PAD
    0x08003694   0x08003694   0x00000624   Code   RO           43    .text.main          main.o
    0x08003cb8   0x08003cb8   0x0000003e   Code   RO         1068    CL$$btod_d2e        c_w.l(btod.o)
    0x08003cf6   0x08003cf6   0x00000046   Code   RO         1070    CL$$btod_d2e_denorm_low  c_w.l(btod.o)
    0x08003d3c   0x08003d3c   0x00000060   Code   RO         1069    CL$$btod_d2e_norm_op1  c_w.l(btod.o)
    0x08003d9c   0x08003d9c   0x00000338   Code   RO         1078    CL$$btod_div_common  c_w.l(btod.o)
    0x080040d4   0x080040d4   0x000000dc   Code   RO         1075    CL$$btod_e2e        c_w.l(btod.o)
    0x080041b0   0x080041b0   0x0000002a   Code   RO         1072    CL$$btod_ediv       c_w.l(btod.o)
    0x080041da   0x080041da   0x0000002a   Code   RO         1071    CL$$btod_emul       c_w.l(btod.o)
    0x08004204   0x08004204   0x00000244   Code   RO         1077    CL$$btod_mult_common  c_w.l(btod.o)
    0x08004448   0x08004448   0x00000028   Code   RO         1101    i.__ARM_fpclassify  m_ws.l(fpclassify.o)
    0x08004470   0x08004470   0x00000026   Code   RO         1018    i.__ARM_fpclassifyf  m_ws.l(fpclassifyf.o)
    0x08004496   0x08004496   0x00000004   Code   RO         1022    i.__mathlib_flt_infnan2  m_ws.l(funder.o)
    0x0800449a   0x0800449a   0x0000000a   Code   RO         1026    i.__mathlib_flt_underflow  m_ws.l(funder.o)
    0x080044a4   0x080044a4   0x0000000e   Code   RO          938    i._is_digit         c_w.l(__printf_wp.o)
    0x080044b2   0x080044b2   0x00000002   PAD
    0x080044b4   0x080044b4   0x000002a4   Code   RO          988    i.atan2f            m_ws.l(atan2f.o)
    0x08004758   0x08004758   0x0000002c   Code   RO         1093    locale$$code        c_w.l(lc_numeric_c.o)
    0x08004784   0x08004784   0x0000000c   Code   RO         1005    x$fpl$dretinf       fz_ws.l(dretinf.o)
    0x08004790   0x08004790   0x00000056   Code   RO          959    x$fpl$f2d           fz_ws.l(f2d.o)
    0x080047e6   0x080047e6   0x00000002   PAD
    0x080047e8   0x080047e8   0x000000c4   Code   RO          961    x$fpl$fadd          fz_ws.l(faddsub_clz.o)
    0x080048ac   0x080048ac   0x0000000c   Code   RO         1165    x$fpl$fcheck1       fz_ws.l(fcheck1.o)
    0x080048b8   0x080048b8   0x00000054   Code   RO          967    x$fpl$fcmp          fz_ws.l(fcmp.o)
    0x0800490c   0x0800490c   0x00000018   Code   RO         1095    x$fpl$fcmpinf       fz_ws.l(fcmpi.o)
    0x08004924   0x08004924   0x00000184   Code   RO          970    x$fpl$fdiv          fz_ws.l(fdiv.o)
    0x08004aa8   0x08004aa8   0x00000068   Code   RO         1007    x$fpl$feqf          fz_ws.l(feqf.o)
    0x08004b10   0x08004b10   0x00000036   Code   RO          973    x$fpl$ffix          fz_ws.l(ffix.o)
    0x08004b46   0x08004b46   0x00000002   PAD
    0x08004b48   0x08004b48   0x00000030   Code   RO          978    x$fpl$fflt          fz_ws.l(fflt_clz.o)
    0x08004b78   0x08004b78   0x00000026   Code   RO          977    x$fpl$ffltu         fz_ws.l(fflt_clz.o)
    0x08004b9e   0x08004b9e   0x00000002   PAD
    0x08004ba0   0x08004ba0   0x00000068   Code   RO         1009    x$fpl$fgeqf         fz_ws.l(fgeqf.o)
    0x08004c08   0x08004c08   0x00000068   Code   RO         1011    x$fpl$fleqf         fz_ws.l(fleqf.o)
    0x08004c70   0x08004c70   0x00000102   Code   RO          983    x$fpl$fmul          fz_ws.l(fmul.o)
    0x08004d72   0x08004d72   0x0000008c   Code   RO         1013    x$fpl$fnaninf       fz_ws.l(fnaninf.o)
    0x08004dfe   0x08004dfe   0x0000000a   Code   RO         1015    x$fpl$fretinf       fz_ws.l(fretinf.o)
    0x08004e08   0x08004e08   0x00000014   Code   RO          962    x$fpl$frsb          fz_ws.l(faddsub_clz.o)
    0x08004e1c   0x08004e1c   0x000000ea   Code   RO          963    x$fpl$fsub          fz_ws.l(faddsub_clz.o)
    0x08004f06   0x08004f06   0x00000004   Code   RO          985    x$fpl$printf1       fz_ws.l(printf1.o)
    0x08004f0a   0x08004f0a   0x00000064   Code   RO         1175    x$fpl$retnan        fz_ws.l(retnan.o)
    0x08004f6e   0x08004f6e   0x0000004c   Code   RO         1099    x$fpl$scalbnf       fz_ws.l(scalbnf.o)
    0x08004fba   0x08004fba   0x00000030   Code   RO         1188    x$fpl$trapveneer    fz_ws.l(trapv.o)
    0x08004fea   0x08004fea   0x00000000   Code   RO         1017    x$fpl$usenofp       fz_ws.l(usenofp.o)
    0x08004fea   0x08004fea   0x00000002   PAD
    0x08004fec   0x08004fec   0x00000094   Data   RO         1066    .constdata          c_w.l(bigflt0.o)
    0x08005080   0x08005080   0x00000010   Data   RO          909    .rodata.AHBPrescTable  system_stm32f1xx.o
    0x08005090   0x08005090   0x00000008   Data   RO          910    .rodata.APBPrescTable  system_stm32f1xx.o
    0x08005098   0x08005098   0x00000002   Data   RO          540    .rodata.HAL_RCC_GetSysClockFreq.aPredivFactorTable  stm32f1xx_hal_rcc.o
    0x0800509a   0x0800509a   0x00000010   Data   RO          539    .rodata.cst16       stm32f1xx_hal_rcc.o
    0x080050aa   0x080050aa   0x00000002   PAD
    0x080050ac   0x080050ac   0x00000020   Data   RO         1259    Region$$Table       anon$$obj.o
    0x080050cc   0x080050cc   0x0000001c   Data   RO         1092    locale$$data        c_w.l(lc_numeric_c.o)


    Execution Region RW_IRAM1 (Exec base: 0x20000000, Load base: 0x080050e8, Size: 0x00000e18, Max: 0x00005000, ABSOLUTE)

    Exec Addr    Load Addr    Size         Type   Attr      Idx    E Section Name        Object

    0x20000000   0x080050e8   0x00000014   Data   RW           57    .data..L_MergedGlobals  main.o
    0x20000014   0x080050fc   0x00000008   Data   RW          502    .data..L_MergedGlobals  stm32f1xx_hal.o
    0x2000001c   0x08005104   0x00000004   Data   RW          908    .data.SystemCoreClock  system_stm32f1xx.o
    0x20000020        -       0x00000060   Zero   RW         1104    .bss                c_w.l(libspace.o)
    0x20000080        -       0x0000003c   Zero   RW           58    .bss..L_MergedGlobals.3  main.o
    0x200000bc        -       0x00000048   Zero   RW           51    .bss.htim1          main.o
    0x20000104        -       0x00000048   Zero   RW           55    .bss.htim2          main.o
    0x2000014c        -       0x00000048   Zero   RW           54    .bss.huart1         main.o
    0x20000194        -       0x00000080   Zero   RW           52    .bss.msg            main.o
    0x20000214        -       0x00000004   Zero   RW          501    .bss.uwTick         stm32f1xx_hal.o
    0x20000218        -       0x00000600   Zero   RW            2    HEAP                startup_stm32f103xb.o
    0x20000818        -       0x00000600   Zero   RW            1    STACK               startup_stm32f103xb.o


==============================================================================

Image component sizes


      Code (inc. data)   RO Data    RW Data    ZI Data      Debug   Object Name

      2002         76          0         20        404      11262   main.o
      4358          0          0          0          0       8741   mpu6050.o
        64         26        236          0       3072        752   startup_stm32f103xb.o
       188          0          0          8          4       5704   stm32f1xx_hal.o
       194          0          0          0          0       8515   stm32f1xx_hal_cortex.o
       550         22          0          0          0       4770   stm32f1xx_hal_gpio.o
       424          0          0          0          0       8247   stm32f1xx_hal_msp.o
      1470          0         18          0          0       7613   stm32f1xx_hal_rcc.o
      2304         24          0          0          0      55180   stm32f1xx_hal_tim.o
       202          0          0          0          0      20746   stm32f1xx_hal_tim_ex.o
       610          0          0          0          0      32641   stm32f1xx_hal_uart.o
        32          0          0          0          0       4089   stm32f1xx_it.o
         2          0         24          4          0       1584   system_stm32f1xx.o

    ----------------------------------------------------------------------
     12476        148        312         32       3480     169844   Object Totals
         0          0         32          0          0          0   (incl. Generated)
        76          0          2          0          0          0   (incl. Padding)

    ----------------------------------------------------------------------

      Code (inc. data)   RO Data    RW Data    ZI Data      Debug   Library Member Name

         8          0          0          0          0         68   __main.o
       284          0          0          0          0        156   __printf_wp.o
         0          0          0          0          0          0   __rtentry.o
        12          0          0          0          0          0   __rtentry2.o
         6          0          0          0          0          0   __rtentry4.o
        52          8          0          0          0          0   __scatter.o
        26          0          0          0          0          0   __scatter_copy.o
        28          0          0          0          0          0   __scatter_zi.o
        48          6          0          0          0         96   _printf_char_common.o
         6          0          0          0          0          0   _printf_d.o
       120         16          0          0          0         92   _printf_dec.o
         6          0          0          0          0          0   _printf_f.o
      1052          0          0          0          0        148   _printf_fp_dec.o
       128         16          0          0          0         84   _printf_fp_infnan.o
       178          0          0          0          0         88   _printf_intcommon.o
         0          0          0          0          0          0   _printf_percent.o
         4          0          0          0          0          0   _printf_percent_end.o
        22          0          0          0          0        100   _rserrno.o
        10          0          0          0          0         68   _sputc.o
       228          4        148          0          0         96   bigflt0.o
      1936        128          0          0          0        668   btod.o
        18          0          0          0          0         80   exit.o
         6          0          0          0          0        152   heapauxi.o
         0          0          0          0          0          0   indicate_semi.o
        44         10         28          0          0         76   lc_numeric_c.o
         2          0          0          0          0          0   libinit.o
        18          0          0          0          0          0   libinit2.o
         2          0          0          0          0          0   libshutdown.o
         2          0          0          0          0          0   libshutdown2.o
         8          4          0          0         96         68   libspace.o
       138          0          0          0          0         80   lludiv10.o
        40          6          0          0          0         84   noretval__2sprintf.o
         8          4          0          0          0         68   rt_errno_addr_intlibspace.o
         8          4          0          0          0         68   rt_locale_intlibspace.o
        78          0          0          0          0         80   rt_memclr_w.o
         2          0          0          0          0          0   rtexit.o
        10          0          0          0          0          0   rtexit2.o
       128          0          0          0          0         68   strcmpv7m.o
        62          0          0          0          0         76   strlen.o
        12          4          0          0          0         68   sys_exit.o
        74          0          0          0          0         80   sys_stackheap_outer.o
         2          0          0          0          0         68   use_no_semi.o
        12          0          0          0          0         68   dretinf.o
        86          4          0          0          0         84   f2d.o
       450          8          0          0          0        236   faddsub_clz.o
        12          4          0          0          0         68   fcheck1.o
        84          0          0          0          0        196   fcmp.o
        24          0          0          0          0         68   fcmpi.o
       388         76          0          0          0         96   fdiv.o
       104          4          0          0          0         84   feqf.o
        54          4          0          0          0         84   ffix.o
        86          0          0          0          0        136   fflt_clz.o
       104          4          0          0          0         84   fgeqf.o
       104          4          0          0          0         84   fleqf.o
       258          4          0          0          0         84   fmul.o
       140          4          0          0          0         84   fnaninf.o
        10          0          0          0          0         68   fretinf.o
         4          0          0          0          0         68   printf1.o
       100          0          0          0          0         68   retnan.o
        76          0          0          0          0         68   scalbnf.o
        48          0          0          0          0         68   trapv.o
         0          0          0          0          0          0   usenofp.o
       676         78          0          0          0        116   atan2f.o
        40          0          0          0          0         68   fpclassify.o
        38          0          0          0          0         68   fpclassifyf.o
        14          0          0          0          0        136   funder.o

    ----------------------------------------------------------------------
      7748        404        176          0         96       4964   Library Totals
        20          0          0          0          0          0   (incl. Padding)

    ----------------------------------------------------------------------

      Code (inc. data)   RO Data    RW Data    ZI Data      Debug   Library Name

      4816        210        176          0         96       2780   c_w.l
      2144        116          0          0          0       1796   fz_ws.l
       768         78          0          0          0        388   m_ws.l

    ----------------------------------------------------------------------
      7748        404        176          0         96       4964   Library Totals

    ----------------------------------------------------------------------

==============================================================================


      Code (inc. data)   RO Data    RW Data    ZI Data      Debug   

     20224        552        488         32       3576     171724   Grand Totals
     20224        552        488         32       3576     171724   ELF Image Totals
     20224        552        488         32          0          0   ROM Totals

==============================================================================

    Total RO  Size (Code + RO Data)                20712 (  20.23kB)
    Total RW  Size (RW Data + ZI Data)              3608 (   3.52kB)
    Total ROM Size (Code + RO Data + RW Data)      20744 (  20.26kB)

==============================================================================

